Archive member included to satisfy reference by file (symbol)

f:/esraa/iti_embedded_systems_track/archticture/arm tools iti/arm gcc/bin/../lib/gcc/arm-none-eabi/5.4.1/../../../../arm-none-eabi/lib/armv7-m\libg_nano.a(lib_a-errno.o)
                              ./system/src/newlib/_sbrk.o (__errno)
f:/esraa/iti_embedded_systems_track/archticture/arm tools iti/arm gcc/bin/../lib/gcc/arm-none-eabi/5.4.1/../../../../arm-none-eabi/lib/armv7-m\libg_nano.a(lib_a-impure.o)
                              f:/esraa/iti_embedded_systems_track/archticture/arm tools iti/arm gcc/bin/../lib/gcc/arm-none-eabi/5.4.1/../../../../arm-none-eabi/lib/armv7-m\libg_nano.a(lib_a-errno.o) (_impure_ptr)
f:/esraa/iti_embedded_systems_track/archticture/arm tools iti/arm gcc/bin/../lib/gcc/arm-none-eabi/5.4.1/../../../../arm-none-eabi/lib/armv7-m\libg_nano.a(lib_a-strlen.o)
                              ./system/src/diag/Trace.o (strlen)
f:/esraa/iti_embedded_systems_track/archticture/arm tools iti/arm gcc/bin/../lib/gcc/arm-none-eabi/5.4.1/../../../../arm-none-eabi/lib/armv7-m\libg_nano.a(lib_a-vsnprintf.o)
                              ./system/src/diag/Trace.o (vsnprintf)
f:/esraa/iti_embedded_systems_track/archticture/arm tools iti/arm gcc/bin/../lib/gcc/arm-none-eabi/5.4.1/../../../../arm-none-eabi/lib/armv7-m\libg_nano.a(lib_a-nano-svfprintf.o)
                              f:/esraa/iti_embedded_systems_track/archticture/arm tools iti/arm gcc/bin/../lib/gcc/arm-none-eabi/5.4.1/../../../../arm-none-eabi/lib/armv7-m\libg_nano.a(lib_a-vsnprintf.o) (_svfprintf_r)
f:/esraa/iti_embedded_systems_track/archticture/arm tools iti/arm gcc/bin/../lib/gcc/arm-none-eabi/5.4.1/../../../../arm-none-eabi/lib/armv7-m\libg_nano.a(lib_a-nano-vfprintf_i.o)
                              f:/esraa/iti_embedded_systems_track/archticture/arm tools iti/arm gcc/bin/../lib/gcc/arm-none-eabi/5.4.1/../../../../arm-none-eabi/lib/armv7-m\libg_nano.a(lib_a-nano-svfprintf.o) (_printf_i)
f:/esraa/iti_embedded_systems_track/archticture/arm tools iti/arm gcc/bin/../lib/gcc/arm-none-eabi/5.4.1/../../../../arm-none-eabi/lib/armv7-m\libg_nano.a(lib_a-memchr-stub.o)
                              f:/esraa/iti_embedded_systems_track/archticture/arm tools iti/arm gcc/bin/../lib/gcc/arm-none-eabi/5.4.1/../../../../arm-none-eabi/lib/armv7-m\libg_nano.a(lib_a-nano-svfprintf.o) (memchr)
f:/esraa/iti_embedded_systems_track/archticture/arm tools iti/arm gcc/bin/../lib/gcc/arm-none-eabi/5.4.1/../../../../arm-none-eabi/lib/armv7-m\libg_nano.a(lib_a-memcpy-stub.o)
                              f:/esraa/iti_embedded_systems_track/archticture/arm tools iti/arm gcc/bin/../lib/gcc/arm-none-eabi/5.4.1/../../../../arm-none-eabi/lib/armv7-m\libg_nano.a(lib_a-nano-svfprintf.o) (memcpy)
f:/esraa/iti_embedded_systems_track/archticture/arm tools iti/arm gcc/bin/../lib/gcc/arm-none-eabi/5.4.1/../../../../arm-none-eabi/lib/armv7-m\libg_nano.a(lib_a-memmove.o)
                              f:/esraa/iti_embedded_systems_track/archticture/arm tools iti/arm gcc/bin/../lib/gcc/arm-none-eabi/5.4.1/../../../../arm-none-eabi/lib/armv7-m\libg_nano.a(lib_a-nano-svfprintf.o) (memmove)
f:/esraa/iti_embedded_systems_track/archticture/arm tools iti/arm gcc/bin/../lib/gcc/arm-none-eabi/5.4.1/../../../../arm-none-eabi/lib/armv7-m\libg_nano.a(lib_a-nano-freer.o)
                              f:/esraa/iti_embedded_systems_track/archticture/arm tools iti/arm gcc/bin/../lib/gcc/arm-none-eabi/5.4.1/../../../../arm-none-eabi/lib/armv7-m\libg_nano.a(lib_a-nano-svfprintf.o) (_free_r)
f:/esraa/iti_embedded_systems_track/archticture/arm tools iti/arm gcc/bin/../lib/gcc/arm-none-eabi/5.4.1/../../../../arm-none-eabi/lib/armv7-m\libg_nano.a(lib_a-nano-mallocr.o)
                              f:/esraa/iti_embedded_systems_track/archticture/arm tools iti/arm gcc/bin/../lib/gcc/arm-none-eabi/5.4.1/../../../../arm-none-eabi/lib/armv7-m\libg_nano.a(lib_a-nano-svfprintf.o) (_malloc_r)
f:/esraa/iti_embedded_systems_track/archticture/arm tools iti/arm gcc/bin/../lib/gcc/arm-none-eabi/5.4.1/../../../../arm-none-eabi/lib/armv7-m\libg_nano.a(lib_a-nano-reallocr.o)
                              f:/esraa/iti_embedded_systems_track/archticture/arm tools iti/arm gcc/bin/../lib/gcc/arm-none-eabi/5.4.1/../../../../arm-none-eabi/lib/armv7-m\libg_nano.a(lib_a-nano-svfprintf.o) (_realloc_r)
f:/esraa/iti_embedded_systems_track/archticture/arm tools iti/arm gcc/bin/../lib/gcc/arm-none-eabi/5.4.1/../../../../arm-none-eabi/lib/armv7-m\libg_nano.a(lib_a-sbrkr.o)
                              f:/esraa/iti_embedded_systems_track/archticture/arm tools iti/arm gcc/bin/../lib/gcc/arm-none-eabi/5.4.1/../../../../arm-none-eabi/lib/armv7-m\libg_nano.a(lib_a-nano-mallocr.o) (_sbrk_r)
f:/esraa/iti_embedded_systems_track/archticture/arm tools iti/arm gcc/bin/../lib/gcc/arm-none-eabi/5.4.1/../../../../arm-none-eabi/lib/armv7-m\libg_nano.a(lib_a-mlock.o)
[...]
Memory Configuration

Name             Origin             Length             Attributes
RAM              0x20000000         0x00005000         xrw
CCMRAM           0x00000000         0x00000000         xrw
FLASH            0x08000000         0x00010000         xr
FLASHB1          0x00000000         0x00000000         xr
EXTMEMB0         0x00000000         0x00000000         xr
EXTMEMB1         0x00000000         0x00000000         xr
EXTMEMB2         0x00000000         0x00000000         xr
EXTMEMB3         0x00000000         0x00000000         xr
MEMORY_ARRAY     0x00000000         0x00000000         xrw
*default*        0x00000000         0xffffffff

Linker script and memory map

LOAD ./system/src/stm32f1-stdperiph/misc.o
LOAD ./system/src/stm32f1-stdperiph/stm32f10x_gpio.o
LOAD ./system/src/stm32f1-stdperiph/stm32f10x_rcc.o
LOAD ./system/src/newlib/_cxx.o
LOAD ./system/src/newlib/_exit.o
LOAD ./system/src/newlib/_sbrk.o
LOAD ./system/src/newlib/_startup.o
LOAD ./system/src/newlib/_syscalls.o
LOAD ./system/src/newlib/assert.o
LOAD ./system/src/diag/Trace.o
LOAD ./system/src/diag/trace_impl.o
LOAD ./system/src/cortexm/_initialize_hardware.o
LOAD ./system/src/cortexm/_reset_hardware.o
LOAD ./system/src/cortexm/exception_handlers.o
LOAD ./system/src/cmsis/system_stm32f10x.o
LOAD ./system/src/cmsis/vectors_stm32f10x.o
LOAD ./src/GPIO_prog.o
LOAD ./src/RCC_prog.o
LOAD ./src/_write.o
LOAD ./src/main.o
LOAD f:/esraa/iti_embedded_systems_track/archticture/arm tools iti/arm gcc/bin/../lib/gcc/arm-none-eabi/5.4.1/../../../../arm-none-eabi/lib/armv7-m\libstdc++_nano.a
LOAD f:/esraa/iti_embedded_systems_track/archticture/arm tools iti/arm gcc/bin/../lib/gcc/arm-none-eabi/5.4.1/../../../../arm-none-eabi/lib/armv7-m\libm.a
START GROUP
LOAD f:/esraa/iti_embedded_systems_track/archticture/arm tools iti/arm gcc/bin/../lib/gcc/arm-none-eabi/5.4.1/armv7-m\libgcc.a
LOAD f:/esraa/iti_embedded_systems_track/archticture/arm tools iti/arm gcc/bin/../lib/gcc/arm-none-eabi/5.4.1/../../../../arm-none-eabi/lib/armv7-m\libg_nano.a
LOAD f:/esraa/iti_embedded_systems_track/archticture/arm tools iti/arm gcc/bin/../lib/gcc/arm-none-eabi/5.4.1/../../../../arm-none-eabi/lib/armv7-m\libc_nano.a
END GROUP
START GROUP
LOAD f:/esraa/iti_embedded_systems_track/archticture/arm tools iti/arm gcc/bin/../lib/gcc/arm-none-eabi/5.4.1/armv7-m\libgcc.a
LOAD f:/esraa/iti_embedded_systems_track/archticture/arm tools iti/arm gcc/bin/../lib/gcc/arm-none-eabi/5.4.1/../../../../arm-none-eabi/lib/armv7-m\libc_nano.a
END GROUP
                0x20005000                __stack = (ORIGIN (RAM) + LENGTH (RAM))
                0x20005000                _estack = __stack
                0x00000400                __Main_Stack_Size = 0x400
                [!provide]                PROVIDE (_Main_Stack_Size, __Main_Stack_Size)
                0x20004c00                __Main_Stack_Limit = (__stack - __Main_Stack_Size)
                [!provide]                PROVIDE (_Main_Stack_Limit, __Main_Stack_Limit)
                0x00000100                _Minimum_Stack_Size = 0x100
                0x20000124                PROVIDE (_Heap_Begin, _end_noinit)
                0x20004c00                PROVIDE (_Heap_Limit, (__stack - __Main_Stack_Size))

.isr_vector     0x08000000      0x354
 FILL mask 0xff
                0x08000000                __vectors_start = ABSOLUTE (.)
                0x08000000                __vectors_start__ = ABSOLUTE (.)
 *(.isr_vector)
 .isr_vector    0x08000000      0x10c ./system/src/cmsis/vectors_stm32f10x.o
                0x08000000                __isr_vectors
 *(.cfmconfig)
 *(.after_vectors .after_vectors.*)
 .after_vectors
                0x0800010c      0x114 ./system/src/newlib/_startup.o
                0x0800010c                _start
 .after_vectors
                0x08000220      0x130 ./system/src/cortexm/exception_handlers.o
                0x08000220                Reset_Handler
                0x08000228                NMI_Handler
                0x0800022c                HardFault_Handler
                0x08000240                HardFault_Handler_C
                0x080002a0                MemManage_Handler
                0x080002a4                BusFault_Handler
                0x080002b8                BusFault_Handler_C
                0x080002ec                UsageFault_Handler
                0x08000300                UsageFault_Handler_C
                0x08000334                SVC_Handler
                0x08000338                DebugMon_Handler
                0x0800033c                PendSV_Handler
                0x08000340                SysTick_Handler
 .after_vectors
                0x08000350        0x4 ./system/src/cmsis/vectors_stm32f10x.o
                0x08000350                EXTI2_IRQHandler
                0x08000350                TIM8_TRG_COM_IRQHandler
                0x08000350                TIM8_CC_IRQHandler
                0x08000350                TIM1_CC_IRQHandler
                0x08000350                TIM6_IRQHandler
                0x08000350                PVD_IRQHandler
                0x08000350                SDIO_IRQHandler
                0x08000350                CAN2_RX1_IRQHandler
                0x08000350                EXTI3_IRQHandler
                0x08000350                TIM8_TRG_COM_TIM14_IRQHandler
                0x08000350                TIM1_UP_TIM10_IRQHandler
                0x08000350                TIM8_UP_TIM13_IRQHandler
                0x08000350                EXTI0_IRQHandler
                0x08000350                I2C2_EV_IRQHandler
                0x08000350                CAN1_RX0_IRQHandler
                0x08000350                TIM1_UP_TIM16_IRQHandler
                0x08000350                CAN2_SCE_IRQHandler
                0x08000350                ADC1_2_IRQHandler
                0x08000350                SPI1_IRQHandler
                0x08000350                TAMPER_IRQHandler
                0x08000350                TIM6_DAC_IRQHandler
                0x08000350                TIM1_BRK_TIM9_IRQHandler
                0x08000350                CAN2_RX0_IRQHandler
                0x08000350                TIM8_UP_IRQHandler
                0x08000350                DMA2_Channel2_IRQHandler
                0x08000350                DMA1_Channel4_IRQHandler
                0x08000350                USART3_IRQHandler
                0x08000350                RTC_IRQHandler
                0x08000350                DMA1_Channel7_IRQHandler
                0x08000350                CAN1_RX1_IRQHandler
                0x08000350                UART5_IRQHandler
                0x08000350                ADC3_IRQHandler
                0x08000350                TIM4_IRQHandler
                0x08000350                DMA2_Channel1_IRQHandler
                0x08000350                I2C1_EV_IRQHandler
                0x08000350                DMA1_Channel6_IRQHandler
                0x08000350                UART4_IRQHandler
                0x08000350                DMA2_Channel4_IRQHandler
                0x08000350                TIM3_IRQHandler
                0x08000350                RCC_IRQHandler
                0x08000350                TIM8_BRK_TIM12_IRQHandler
                0x08000350                TIM1_TRG_COM_IRQHandler
                0x08000350                DMA1_Channel1_IRQHandler
                0x08000350                Default_Handler
                0x08000350                CEC_IRQHandler
                0x08000350                EXTI15_10_IRQHandler
                0x08000350                TIM14_IRQHandler
                0x08000350                TIM13_IRQHandler
                0x08000350                TIM12_IRQHandler
                0x08000350                TIM7_IRQHandler
                0x08000350                CAN2_TX_IRQHandler
                0x08000350                TIM5_IRQHandler
                0x08000350                EXTI9_5_IRQHandler
                0x08000350                ETH_WKUP_IRQHandler
                0x08000350                SPI2_IRQHandler
                0x08000350                CAN1_TX_IRQHandler
                0x08000350                DMA2_Channel5_IRQHandler
                0x08000350                DMA1_Channel5_IRQHandler
                0x08000350                EXTI4_IRQHandler
                0x08000350                USB_LP_CAN1_RX0_IRQHandler
                0x08000350                TIM1_TRG_COM_TIM17_IRQHandler
                0x08000350                USB_HP_CAN1_TX_IRQHandler
                0x08000350                DMA1_Channel3_IRQHandler
                0x08000350                FSMC_IRQHandler
                0x08000350                ETH_IRQHandler
                0x08000350                TIM1_UP_IRQHandler
                0x08000350                WWDG_IRQHandler
                0x08000350                TIM2_IRQHandler
                0x08000350                OTG_FS_WKUP_IRQHandler
                0x08000350                TIM1_TRG_COM_TIM11_IRQHandler
                0x08000350                TIM1_BRK_IRQHandler
                0x08000350                EXTI1_IRQHandler
                0x08000350                RTCAlarm_IRQHandler
                0x08000350                DMA2_Channel4_5_IRQHandler
                0x08000350                USART2_IRQHandler
                0x08000350                I2C2_ER_IRQHandler
                0x08000350                DMA1_Channel2_IRQHandler
                0x08000350                TIM8_BRK_IRQHandler
                0x08000350                CAN1_SCE_IRQHandler
                0x08000350                FLASH_IRQHandler
                0x08000350                USART1_IRQHandler
                0x08000350                OTG_FS_IRQHandler
                0x08000350                SPI3_IRQHandler
                0x08000350                I2C1_ER_IRQHandler
                0x08000350                USBWakeUp_IRQHandler
                0x08000350                DMA2_Channel3_IRQHandler
                0x08000350                TIM1_BRK_TIM15_IRQHandler

.inits          0x08000354       0x28
                0x08000354                __data_regions_array_start = .
                0x08000354        0x4 LONG 0x8003678 LOADADDR (.data)
                0x08000358        0x4 LONG 0x20000000 ADDR (.data)
                0x0800035c        0x4 LONG 0x20000088 (ADDR (.data) + SIZEOF (.data))
                0x08000360        0x4 LONG 0x8003678 LOADADDR (.data_CCMRAM)
                0x08000364        0x4 LONG 0x0 ADDR (.data_CCMRAM)
                0x08000368        0x4 LONG 0x0 (ADDR (.data_CCMRAM) + SIZEOF (.data_CCMRAM))
                0x0800036c                __data_regions_array_end = .
                0x0800036c                __bss_regions_array_start = .
                0x0800036c        0x4 LONG 0x20000088 ADDR (.bss)
                0x08000370        0x4 LONG 0x20000124 (ADDR (.bss) + SIZEOF (.bss))
                0x08000374        0x4 LONG 0x0 ADDR (.bss_CCMRAM)
                0x08000378        0x4 LONG 0x0 (ADDR (.bss_CCMRAM) + SIZEOF (.bss_CCMRAM))
                0x0800037c                __bss_regions_array_end = .
 *(.init)
 *(.fini)
                0x0800037c                . = ALIGN (0x4)
                0x0800037c                PROVIDE (__preinit_array_start, .)
 *(.preinit_array_sysinit .preinit_array_sysinit.*)
 *(.preinit_array_platform .preinit_array_platform.*)
 *(.preinit_array .preinit_array.*)
                0x0800037c                PROVIDE (__preinit_array_end, .)
                0x0800037c                . = ALIGN (0x4)
                0x0800037c                PROVIDE (__init_array_start, .)
 *(SORT(.init_array.*))
 *(.init_array)
                0x0800037c                PROVIDE (__init_array_end, .)
                0x0800037c                . = ALIGN (0x4)
                0x0800037c                PROVIDE (__fini_array_start, .)
 *(SORT(.fini_array.*))
 *(.fini_array)
                0x0800037c                PROVIDE (__fini_array_end, .)

.flashtext
 *(.flashtext .flashtext.*)

.text           0x0800037c     0x32fb
 *(.text .text.*)
 .text._exit    0x0800037c        0x4 ./system/src/newlib/_exit.o
                0x0800037c                _exit
 .text._sbrk    0x08000380       0x44 ./system/src/newlib/_sbrk.o
                0x08000380                _sbrk
 .text.__initialize_args
                0x080003c4       0x10 ./system/src/newlib/_syscalls.o
                0x080003c4                __initialize_args
 .text.trace_printf
                0x080003d4       0x30 ./system/src/diag/Trace.o
                0x080003d4                trace_printf
 .text._trace_write_semihosting_debug
                0x08000404       0x64 ./system/src/diag/trace_impl.o
 .text.trace_write
                0x08000468        0x8 ./system/src/diag/trace_impl.o
                0x08000468                trace_write
 .text.__initialize_hardware_early
                0x08000470       0x18 ./system/src/cortexm/_initialize_hardware.o
                0x08000470                __initialize_hardware_early
 .text.__initialize_hardware
                0x08000488        0x8 ./system/src/cortexm/_initialize_hardware.o
                0x08000488                __initialize_hardware
 .text.dumpExceptionStack
                0x08000490       0xf0 ./system/src/cortexm/exception_handlers.o
                0x08000490                dumpExceptionStack
 .text.isSemihosting
                0x08000580       0x20 ./system/src/cortexm/exception_handlers.o
                0x08000580                isSemihosting
 .text.SetSysClockTo72
                0x080005a0       0xc4 ./system/src/cmsis/system_stm32f10x.o
 .text.SetSysClock
                0x08000664        0x8 ./system/src/cmsis/system_stm32f10x.o
 .text.SystemInit
                0x0800066c       0x50 ./system/src/cmsis/system_stm32f10x.o
                0x0800066c                SystemInit
 .text.SystemCoreClockUpdate
                0x080006bc       0x94 ./system/src/cmsis/system_stm32f10x.o
                0x080006bc                SystemCoreClockUpdate
 .text.GPIO_u8SetPinDir
                0x08000750     0x1dd8 ./src/GPIO_prog.o
                0x08000750                GPIO_u8SetPinDir
 .text.GPIO_u8GetPinValue
                0x08002528       0x70 ./src/GPIO_prog.o
                0x08002528                GPIO_u8GetPinValue
 .text.GPIO_u8SetPinValue
                0x08002598       0xc8 ./src/GPIO_prog.o
                0x08002598                GPIO_u8SetPinValue
 .text.void_SetprephralState
                0x08002660      0x588 ./src/RCC_prog.o
                0x08002660                void_SetprephralState
 .text.main     0x08002be8       0x80 ./src/main.o
                0x08002be8                main
 .text.__errno  0x08002c68        0xc f:/esraa/iti_embedded_systems_track/archticture/arm tools iti/arm gcc/bin/../lib/gcc/arm-none-eabi/5.4.1/../../../../arm-none-eabi/lib/armv7-m\libg_nano.a(lib_a-errno.o)
                0x08002c68                __errno
 .text._vsnprintf_r
                0x08002c74       0x56 f:/esraa/iti_embedded_systems_track/archticture/arm tools iti/arm gcc/bin/../lib/gcc/arm-none-eabi/5.4.1/../../../../arm-none-eabi/lib/armv7-m\libg_nano.a(lib_a-vsnprintf.o)
                0x08002c74                _vsniprintf_r
                0x08002c74                _vsnprintf_r
 *fill*         0x08002cca        0x2 
 .text.vsnprintf
                0x08002ccc       0x1c f:/esraa/iti_embedded_systems_track/archticture/arm tools iti/arm gcc/bin/../lib/gcc/arm-none-eabi/5.4.1/../../../../arm-none-eabi/lib/armv7-m\libg_nano.a(lib_a-vsnprintf.o)
                0x08002ccc                vsniprintf
                0x08002ccc                vsnprintf
 .text.__ssputs_r
                0x08002ce8       0xb2 f:/esraa/iti_embedded_systems_track/archticture/arm tools iti/arm gcc/bin/../lib/gcc/arm-none-eabi/5.4.1/../../../../arm-none-eabi/lib/armv7-m\libg_nano.a(lib_a-nano-svfprintf.o)
                0x08002ce8                __ssputs_r
 *fill*         0x08002d9a        0x2 
 .text._svfprintf_r
                0x08002d9c      0x1e8 f:/esraa/iti_embedded_systems_track/archticture/arm tools iti/arm gcc/bin/../lib/gcc/arm-none-eabi/5.4.1/../../../../arm-none-eabi/lib/armv7-m\libg_nano.a(lib_a-nano-svfprintf.o)
                0x08002d9c                _svfiprintf_r
                0x08002d9c                _svfprintf_r
 .text._printf_common
                0x08002f84       0xec f:/esraa/iti_embedded_systems_track/archticture/arm tools iti/arm gcc/bin/../lib/gcc/arm-none-eabi/5.4.1/../../../../arm-none-eabi/lib/armv7-m\libg_nano.a(lib_a-nano-vfprintf_i.o)
                0x08002f84                _printf_common
 .text._printf_i
                0x08003070      0x24c f:/esraa/iti_embedded_systems_track/archticture/arm tools iti/arm gcc/bin/../lib/gcc/arm-none-eabi/5.4.1/../../../../arm-none-eabi/lib/armv7-m\libg_nano.a(lib_a-nano-vfprintf_i.o)
                0x08003070                _printf_i
 .text.memchr   0x080032bc       0x1c f:/esraa/iti_embedded_systems_track/archticture/arm tools iti/arm gcc/bin/../lib/gcc/arm-none-eabi/5.4.1/../../../../arm-none-eabi/lib/armv7-m\libg_nano.a(lib_a-memchr-stub.o)
                0x080032bc                memchr
 .text.memcpy   0x080032d8       0x16 f:/esraa/iti_embedded_systems_track/archticture/arm tools iti/arm gcc/bin/../lib/gcc/arm-none-eabi/5.4.1/../../../../arm-none-eabi/lib/armv7-m\libg_nano.a(lib_a-memcpy-stub.o)
                0x080032d8                memcpy
 .text.memmove  0x080032ee       0x36 f:/esraa/iti_embedded_systems_track/archticture/arm tools iti/arm gcc/bin/../lib/gcc/arm-none-eabi/5.4.1/../../../../arm-none-eabi/lib/armv7-m\libg_nano.a(lib_a-memmove.o)
                0x080032ee                memmove
 .text._free_r  0x08003324       0x98 f:/esraa/iti_embedded_systems_track/archticture/arm tools iti/arm gcc/bin/../lib/gcc/arm-none-eabi/5.4.1/../../../../arm-none-eabi/lib/armv7-m\libg_nano.a(lib_a-nano-freer.o)
                0x08003324                _free_r
 .text._malloc_r
                0x080033bc       0xbc f:/esraa/iti_embedded_systems_track/archticture/arm tools iti/arm gcc/bin/../lib/gcc/arm-none-eabi/5.4.1/../../../../arm-none-eabi/lib/armv7-m\libg_nano.a(lib_a-nano-mallocr.o)
                0x080033bc                _malloc_r
 .text._realloc_r
                0x08003478       0x4c f:/esraa/iti_embedded_systems_track/archticture/arm tools iti/arm gcc/bin/../lib/gcc/arm-none-eabi/5.4.1/../../../../arm-none-eabi/lib/armv7-m\libg_nano.a(lib_a-nano-reallocr.o)
                0x08003478                _realloc_r
 .text._sbrk_r  0x080034c4       0x20 f:/esraa/iti_embedded_systems_track/archticture/arm tools iti/arm gcc/bin/../lib/gcc/arm-none-eabi/5.4.1/../../../../arm-none-eabi/lib/armv7-m\libg_nano.a(lib_a-sbrkr.o)
                0x080034c4                _sbrk_r
 .text.__malloc_lock
                0x080034e4        0x2 f:/esraa/iti_embedded_systems_track/archticture/arm tools iti/arm gcc/bin/../lib/gcc/arm-none-eabi/5.4.1/../../../../arm-none-eabi/lib/armv7-m\libg_nano.a(lib_a-mlock.o)
                0x080034e4                __malloc_lock
 .text.__malloc_unlock
                0x080034e6        0x2 f:/esraa/iti_embedded_systems_track/archticture/arm tools iti/arm gcc/bin/../lib/gcc/arm-none-eabi/5.4.1/../../../../arm-none-eabi/lib/armv7-m\libg_nano.a(lib_a-mlock.o)
                0x080034e6                __malloc_unlock
 .text._malloc_usable_size_r
                0x080034e8       0x14 f:/esraa/iti_embedded_systems_track/archticture/arm tools iti/arm gcc/bin/../lib/gcc/arm-none-eabi/5.4.1/../../../../arm-none-eabi/lib/armv7-m\libg_nano.a(lib_a-nano-msizer.o)
                0x080034e8                _malloc_usable_size_r
 *(.rodata .rodata.* .constdata .constdata.*)
 .rodata.str1.4
                0x080034fc      0x148 ./system/src/cortexm/exception_handlers.o
                                0x146 (size before relaxing)
 .rodata.str1.1
                0x08003644       0x11 f:/esraa/iti_embedded_systems_track/archticture/arm tools iti/arm gcc/bin/../lib/gcc/arm-none-eabi/5.4.1/../../../../arm-none-eabi/lib/armv7-m\libg_nano.a(lib_a-nano-svfprintf.o)
 .rodata.str1.1
                0x08003655       0x22 f:/esraa/iti_embedded_systems_track/archticture/arm tools iti/arm gcc/bin/../lib/gcc/arm-none-eabi/5.4.1/../../../../arm-none-eabi/lib/armv7-m\libg_nano.a(lib_a-nano-vfprintf_i.o)
 *(vtable)
 *(.eh_frame*)
 *(.glue_7)
 .glue_7        0x08003677        0x0 linker stubs
 *(.glue_7t)
 .glue_7t       0x08003677        0x0 linker stubs

.vfp11_veneer   0x08003678        0x0
 .vfp11_veneer  0x08003678        0x0 linker stubs

.v4_bx          0x08003678        0x0
 .v4_bx         0x08003678        0x0 linker stubs

.iplt           0x08003678        0x0
 .iplt          0x08003678        0x0 ./system/src/stm32f1-stdperiph/misc.o

.rel.dyn        0x08003678        0x0
 .rel.iplt      0x08003678        0x0 ./system/src/stm32f1-stdperiph/misc.o

.ARM.extab
 *(.ARM.extab* .gnu.linkonce.armextab.*)
                0x08003678                . = ALIGN (0x4)
                0x08003678                __exidx_start = .

.ARM.exidx
 *(.ARM.exidx* .gnu.linkonce.armexidx.*)
                0x08003678                __exidx_end = .
                0x08003678                . = ALIGN (0x4)
                0x08003678                _etext = .
                0x08003678                __etext = .

.data_CCMRAM    0x00000000        0x0 load address 0x08003678
 FILL mask 0xff
 *(.data.CCMRAM .data.CCMRAM.*)
                0x00000000                . = ALIGN (0x4)
                0x08003678                _sidata = LOADADDR (.data)

.data           0x20000000       0x88 load address 0x08003678
 FILL mask 0xff
                0x20000000                _sdata = .
                0x20000000                __data_start__ = .
 *(.data_begin .data_begin.*)
 .data_begin    0x20000000        0x4 ./system/src/newlib/_startup.o
 *(.data .data.*)
 .data.argv.4290
                0x20000004        0x8 ./system/src/newlib/_syscalls.o
 .data.AHBPrescTable
                0x2000000c       0x10 ./system/src/cmsis/system_stm32f10x.o
                0x2000000c                AHBPrescTable
 .data.SystemCoreClock
                0x2000001c        0x4 ./system/src/cmsis/system_stm32f10x.o
                0x2000001c                SystemCoreClock
 .data.impure_data
                0x20000020       0x60 f:/esraa/iti_embedded_systems_track/archticture/arm tools iti/arm gcc/bin/../lib/gcc/arm-none-eabi/5.4.1/../../../../arm-none-eabi/lib/armv7-m\libg_nano.a(lib_a-impure.o)
 .data._impure_ptr
                0x20000080        0x4 f:/esraa/iti_embedded_systems_track/archticture/arm tools iti/arm gcc/bin/../lib/gcc/arm-none-eabi/5.4.1/../../../../arm-none-eabi/lib/armv7-m\libg_nano.a(lib_a-impure.o)
                0x20000080                _impure_ptr
 *(.data_end .data_end.*)
 .data_end      0x20000084        0x4 ./system/src/newlib/_startup.o
                0x20000088                . = ALIGN (0x4)
                0x20000088                _edata = .
                0x20000088                __data_end__ = .

.igot.plt       0x20000088        0x0 load address 0x08003700
 .igot.plt      0x20000088        0x0 ./system/src/stm32f1-stdperiph/misc.o

.bss_CCMRAM     0x00000000        0x0
 *(.bss.CCMRAM .bss.CCMRAM.*)

.bss            0x20000088       0x9c
                0x20000088                __bss_start__ = .
                0x20000088                _sbss = .
 *(.bss_begin .bss_begin.*)
 .bss_begin     0x20000088        0x4 ./system/src/newlib/_startup.o
 *(.bss .bss.*)
 .bss.current_heap_end.3974
                0x2000008c        0x4 ./system/src/newlib/_sbrk.o
 .bss.name.4289
                0x20000090        0x1 ./system/src/newlib/_syscalls.o
 *fill*         0x20000091        0x3 
 .bss.buf.5179  0x20000094       0x80 ./system/src/diag/Trace.o
 .bss.__malloc_sbrk_start
                0x20000114        0x4 f:/esraa/iti_embedded_systems_track/archticture/arm tools iti/arm gcc/bin/../lib/gcc/arm-none-eabi/5.4.1/../../../../arm-none-eabi/lib/armv7-m\libg_nano.a(lib_a-nano-mallocr.o)
                0x20000114                __malloc_sbrk_start
 .bss.__malloc_free_list
                0x20000118        0x4 f:/esraa/iti_embedded_systems_track/archticture/arm tools iti/arm gcc/bin/../lib/gcc/arm-none-eabi/5.4.1/../../../../arm-none-eabi/lib/armv7-m\libg_nano.a(lib_a-nano-mallocr.o)
                0x20000118                __malloc_free_list
 *(COMMON)
 COMMON         0x2000011c        0x4 ./system/src/newlib/_syscalls.o
                0x2000011c                errno
 *(.bss_end .bss_end.*)
 .bss_end       0x20000120        0x4 ./system/src/newlib/_startup.o
                0x20000124                . = ALIGN (0x4)
                0x20000124                __bss_end__ = .
                0x20000124                _ebss = .

.noinit_CCMRAM
 *(.noinit.CCMRAM .noinit.CCMRAM.*)

.noinit         0x20000124        0x0
                0x20000124                _noinit = .
 *(.noinit .noinit.*)
                0x20000124                . = ALIGN (0x4)
                0x20000124                _end_noinit = .
                [!provide]                PROVIDE (end, _end_noinit)
                [!provide]                PROVIDE (_end, _end_noinit)
                [!provide]                PROVIDE (__end, _end_noinit)
                [!provide]                PROVIDE (__end__, _end_noinit)

._check_stack   0x20000124      0x100
                0x20000224                . = (. + _Minimum_Stack_Size)
 *fill*         0x20000124      0x100 

.b1text
 *(.b1text)
 *(.b1rodata)
 *(.b1rodata.*)

.eb0text
 *(.eb0text)
 *(.eb0rodata)
 *(.eb0rodata.*)

.eb1text
 *(.eb1text)
 *(.eb1rodata)
 *(.eb1rodata.*)

.eb2text
 *(.eb2text)
 *(.eb2rodata)
 *(.eb2rodata.*)

.eb3text
 *(.eb3text)
 *(.eb3rodata)
 *(.eb3rodata.*)

.stab
 *(.stab)

.stabstr
 *(.stabstr)

.stab.excl
 *(.stab.excl)

.stab.exclstr
 *(.stab.exclstr)

.stab.index
 *(.stab.index)

.stab.indexstr
 *(.stab.indexstr)

.comment        0x00000000       0x6e
 *(.comment)
 .comment       0x00000000       0x6e ./system/src/newlib/_exit.o
                                 0x6f (size before relaxing)
 .comment       0x0000006e       0x6f ./system/src/newlib/_sbrk.o
 .comment       0x0000006e       0x6f ./system/src/newlib/_startup.o
 .comment       0x0000006e       0x6f ./system/src/newlib/_syscalls.o
 .comment       0x0000006e       0x6f ./system/src/diag/Trace.o
 .comment       0x0000006e       0x6f ./system/src/diag/trace_impl.o
 .comment       0x0000006e       0x6f ./system/src/cortexm/_initialize_hardware.o
 .comment       0x0000006e       0x6f ./system/src/cortexm/exception_handlers.o
 .comment       0x0000006e       0x6f ./system/src/cmsis/system_stm32f10x.o
 .comment       0x0000006e       0x6f ./system/src/cmsis/vectors_stm32f10x.o
 .comment       0x0000006e       0x6f ./src/GPIO_prog.o
 .comment       0x0000006e       0x6f ./src/RCC_prog.o
 .comment       0x0000006e       0x6f ./src/main.o

.ARM.attributes
                0x00000000       0x31
 .ARM.attributes
                0x00000000       0x33 ./system/src/newlib/_exit.o
 .ARM.attributes
                0x00000033       0x33 ./system/src/newlib/_sbrk.o
 .ARM.attributes
                0x00000066       0x33 ./system/src/newlib/_startup.o
 .ARM.attributes
                0x00000099       0x33 ./system/src/newlib/_syscalls.o
 .ARM.attributes
                0x000000cc       0x33 ./system/src/diag/Trace.o
 .ARM.attributes
                0x000000ff       0x33 ./system/src/diag/trace_impl.o
 .ARM.attributes
                0x00000132       0x33 ./system/src/cortexm/_initialize_hardware.o
 .ARM.attributes
                0x00000165       0x33 ./system/src/cortexm/exception_handlers.o
 .ARM.attributes
                0x00000198       0x33 ./system/src/cmsis/system_stm32f10x.o
 .ARM.attributes
                0x000001cb       0x33 ./system/src/cmsis/vectors_stm32f10x.o
 .ARM.attributes
                0x000001fe       0x33 ./src/GPIO_prog.o
 .ARM.attributes
                0x00000231       0x33 ./src/RCC_prog.o
 .ARM.attributes
                0x00000264       0x33 ./src/main.o
 .ARM.attributes
                0x00000297       0x2d f:/esraa/iti_embedded_systems_track/archticture/arm tools iti/arm gcc/bin/../lib/gcc/arm-none-eabi/5.4.1/../../../../arm-none-eabi/lib/armv7-m\libg_nano.a(lib_a-errno.o)
 .ARM.attributes
                0x000002c4       0x2d f:/esraa/iti_embedded_systems_track/archticture/arm tools iti/arm gcc/bin/../lib/gcc/arm-none-eabi/5.4.1/../../../../arm-none-eabi/lib/armv7-m\libg_nano.a(lib_a-impure.o)
 .ARM.attributes
                0x000002f1       0x2d f:/esraa/iti_embedded_systems_track/archticture/arm tools iti/arm gcc/bin/../lib/gcc/arm-none-eabi/5.4.1/../../../../arm-none-eabi/lib/armv7-m\libg_nano.a(lib_a-vsnprintf.o)
 .ARM.attributes
                0x0000031e       0x2d f:/esraa/iti_embedded_systems_track/archticture/arm tools iti/arm gcc/bin/../lib/gcc/arm-none-eabi/5.4.1/../../../../arm-none-eabi/lib/armv7-m\libg_nano.a(lib_a-nano-svfprintf.o)
 .ARM.attributes
                0x0000034b       0x2d f:/esraa/iti_embedded_systems_track/archticture/arm tools iti/arm gcc/bin/../lib/gcc/arm-none-eabi/5.4.1/../../../../arm-none-eabi/lib/armv7-m\libg_nano.a(lib_a-nano-vfprintf_i.o)
 .ARM.attributes
                0x00000378       0x2d f:/esraa/iti_embedded_systems_track/archticture/arm tools iti/arm gcc/bin/../lib/gcc/arm-none-eabi/5.4.1/../../../../arm-none-eabi/lib/armv7-m\libg_nano.a(lib_a-memchr-stub.o)
 .ARM.attributes
                0x000003a5       0x2d f:/esraa/iti_embedded_systems_track/archticture/arm tools iti/arm gcc/bin/../lib/gcc/arm-none-eabi/5.4.1/../../../../arm-none-eabi/lib/armv7-m\libg_nano.a(lib_a-memcpy-stub.o)
 .ARM.attributes
                0x000003d2       0x2d f:/esraa/iti_embedded_systems_track/archticture/arm tools iti/arm gcc/bin/../lib/gcc/arm-none-eabi/5.4.1/../../../../arm-none-eabi/lib/armv7-m\libg_nano.a(lib_a-memmove.o)
 .ARM.attributes
                0x000003ff       0x2d f:/esraa/iti_embedded_systems_track/archticture/arm tools iti/arm gcc/bin/../lib/gcc/arm-none-eabi/5.4.1/../../../../arm-none-eabi/lib/armv7-m\libg_nano.a(lib_a-nano-freer.o)
 .ARM.attributes
                0x0000042c       0x2d f:/esraa/iti_embedded_systems_track/archticture/arm tools iti/arm gcc/bin/../lib/gcc/arm-none-eabi/5.4.1/../../../../arm-none-eabi/lib/armv7-m\libg_nano.a(lib_a-nano-mallocr.o)
 .ARM.attributes
                0x00000459       0x2d f:/esraa/iti_embedded_systems_track/archticture/arm tools iti/arm gcc/bin/../lib/gcc/arm-none-eabi/5.4.1/../../../../arm-none-eabi/lib/armv7-m\libg_nano.a(lib_a-nano-reallocr.o)
 .ARM.attributes
                0x00000486       0x2d f:/esraa/iti_embedded_systems_track/archticture/arm tools iti/arm gcc/bin/../lib/gcc/arm-none-eabi/5.4.1/../../../../arm-none-eabi/lib/armv7-m\libg_nano.a(lib_a-sbrkr.o)
 .ARM.attributes
                0x000004b3       0x2d f:/esraa/iti_embedded_systems_track/archticture/arm tools iti/arm gcc/bin/../lib/gcc/arm-none-eabi/5.4.1/../../../../arm-none-eabi/lib/armv7-m\libg_nano.a(lib_a-mlock.o)
 .ARM.attributes
                0x000004e0       0x2d f:/esraa/iti_embedded_systems_track/archticture/arm tools iti/arm gcc/bin/../lib/gcc/arm-none-eabi/5.4.1/../../../../arm-none-eabi/lib/armv7-m\libg_nano.a(lib_a-nano-msizer.o)

.debug
 *(.debug)

.line
 *(.line)

.debug_srcinfo
 *(.debug_srcinfo)

.debug_sfnames
 *(.debug_sfnames)

.debug_aranges  0x00000000      0x378
 *(.debug_aranges)
 .debug_aranges
                0x00000000       0x28 ./system/src/newlib/_exit.o
 .debug_aranges
                0x00000028       0x20 ./system/src/newlib/_sbrk.o
 .debug_aranges
                0x00000048       0x40 ./system/src/newlib/_startup.o
 .debug_aranges
                0x00000088       0x30 ./system/src/newlib/_syscalls.o
 .debug_aranges
                0x000000b8       0x38 ./system/src/diag/Trace.o
 .debug_aranges
                0x000000f0       0x30 ./system/src/diag/trace_impl.o
 .debug_aranges
                0x00000120       0x28 ./system/src/cortexm/_initialize_hardware.o
 .debug_aranges
                0x00000148       0x90 ./system/src/cortexm/exception_handlers.o
 .debug_aranges
                0x000001d8       0x38 ./system/src/cmsis/system_stm32f10x.o
 .debug_aranges
                0x00000210       0x20 ./system/src/cmsis/vectors_stm32f10x.o
 .debug_aranges
                0x00000230       0x48 ./src/GPIO_prog.o
 .debug_aranges
                0x00000278       0xe0 ./src/RCC_prog.o
 .debug_aranges
                0x00000358       0x20 ./src/main.o

.debug_pubnames
 *(.debug_pubnames)

.debug_info     0x00000000     0x6303
 *(.debug_info .gnu.linkonce.wi.*)
 .debug_info    0x00000000       0xef ./system/src/newlib/_exit.o
 .debug_info    0x000000ef      0x11f ./system/src/newlib/_sbrk.o
 .debug_info    0x0000020e      0x455 ./system/src/newlib/_startup.o
 .debug_info    0x00000663      0x1c7 ./system/src/newlib/_syscalls.o
 .debug_info    0x0000082a      0x2e7 ./system/src/diag/Trace.o
 .debug_info    0x00000b11      0x30b ./system/src/diag/trace_impl.o
 .debug_info    0x00000e1c      0x2b1 ./system/src/cortexm/_initialize_hardware.o
 .debug_info    0x000010cd      0x8da ./system/src/cortexm/exception_handlers.o
 .debug_info    0x000019a7      0x497 ./system/src/cmsis/system_stm32f10x.o
 .debug_info    0x00001e3e       0xd1 ./system/src/cmsis/vectors_stm32f10x.o
 .debug_info    0x00001f0f     0x3b48 ./src/GPIO_prog.o
 .debug_info    0x00005a57      0x6b0 ./src/RCC_prog.o
 .debug_info    0x00006107      0x1fc ./src/main.o

.debug_abbrev   0x00000000      0xf89
 *(.debug_abbrev)
 .debug_abbrev  0x00000000       0x8e ./system/src/newlib/_exit.o
 .debug_abbrev  0x0000008e       0xb9 ./system/src/newlib/_sbrk.o
 .debug_abbrev  0x00000147      0x1ac ./system/src/newlib/_startup.o
 .debug_abbrev  0x000002f3       0xec ./system/src/newlib/_syscalls.o
 .debug_abbrev  0x000003df      0x156 ./system/src/diag/Trace.o
 .debug_abbrev  0x00000535      0x1c8 ./system/src/diag/trace_impl.o
 .debug_abbrev  0x000006fd       0xea ./system/src/cortexm/_initialize_hardware.o
 .debug_abbrev  0x000007e7      0x247 ./system/src/cortexm/exception_handlers.o
 .debug_abbrev  0x00000a2e      0x159 ./system/src/cmsis/system_stm32f10x.o
 .debug_abbrev  0x00000b87       0x9d ./system/src/cmsis/vectors_stm32f10x.o
 .debug_abbrev  0x00000c24      0x183 ./src/GPIO_prog.o
 .debug_abbrev  0x00000da7      0x12d ./src/RCC_prog.o
 .debug_abbrev  0x00000ed4       0xb5 ./src/main.o

.debug_line     0x00000000     0x35f9
 *(.debug_line)
 .debug_line    0x00000000      0x371 ./system/src/newlib/_exit.o
 .debug_line    0x00000371      0x322 ./system/src/newlib/_sbrk.o
 .debug_line    0x00000693      0x3d8 ./system/src/newlib/_startup.o
 .debug_line    0x00000a6b      0x44a ./system/src/newlib/_syscalls.o
 .debug_line    0x00000eb5      0x3df ./system/src/diag/Trace.o
 .debug_line    0x00001294      0x657 ./system/src/diag/trace_impl.o
 .debug_line    0x000018eb      0x380 ./system/src/cortexm/_initialize_hardware.o
 .debug_line    0x00001c6b      0x700 ./system/src/cortexm/exception_handlers.o
 .debug_line    0x0000236b      0x3e0 ./system/src/cmsis/system_stm32f10x.o
 .debug_line    0x0000274b      0x110 ./system/src/cmsis/vectors_stm32f10x.o
 .debug_line    0x0000285b      0x8b7 ./src/GPIO_prog.o
 .debug_line    0x00003112      0x43c ./src/RCC_prog.o
 .debug_line    0x0000354e       0xab ./src/main.o

.debug_frame    0x00000000      0x988
 *(.debug_frame)
 .debug_frame   0x00000000       0x38 ./system/src/newlib/_exit.o
 .debug_frame   0x00000038       0x28 ./system/src/newlib/_sbrk.o
 .debug_frame   0x00000060       0x7c ./system/src/newlib/_startup.o
 .debug_frame   0x000000dc       0x50 ./system/src/newlib/_syscalls.o
 .debug_frame   0x0000012c       0x94 ./system/src/diag/Trace.o
 .debug_frame   0x000001c0       0x60 ./system/src/diag/trace_impl.o
 .debug_frame   0x00000220       0x40 ./system/src/cortexm/_initialize_hardware.o
 .debug_frame   0x00000260      0x158 ./system/src/cortexm/exception_handlers.o
 .debug_frame   0x000003b8       0x68 ./system/src/cmsis/system_stm32f10x.o
 .debug_frame   0x00000420       0x20 ./system/src/cmsis/vectors_stm32f10x.o
 .debug_frame   0x00000440       0x80 ./src/GPIO_prog.o
 .debug_frame   0x000004c0      0x1b0 ./src/RCC_prog.o
 .debug_frame   0x00000670       0x2c ./src/main.o
 .debug_frame   0x0000069c       0x20 f:/esraa/iti_embedded_systems_track/archticture/arm tools iti/arm gcc/bin/../lib/gcc/arm-none-eabi/5.4.1/../../../../arm-none-eabi/lib/armv7-m\libg_nano.a(lib_a-errno.o)
 .debug_frame   0x000006bc       0x48 f:/esraa/iti_embedded_systems_track/archticture/arm tools iti/arm gcc/bin/../lib/gcc/arm-none-eabi/5.4.1/../../../../arm-none-eabi/lib/armv7-m\libg_nano.a(lib_a-vsnprintf.o)
 .debug_frame   0x00000704       0x90 f:/esraa/iti_embedded_systems_track/archticture/arm tools iti/arm gcc/bin/../lib/gcc/arm-none-eabi/5.4.1/../../../../arm-none-eabi/lib/armv7-m\libg_nano.a(lib_a-nano-svfprintf.o)
 .debug_frame   0x00000794       0x60 f:/esraa/iti_embedded_systems_track/archticture/arm tools iti/arm gcc/bin/../lib/gcc/arm-none-eabi/5.4.1/../../../../arm-none-eabi/lib/armv7-m\libg_nano.a(lib_a-nano-vfprintf_i.o)
 .debug_frame   0x000007f4       0x28 f:/esraa/iti_embedded_systems_track/archticture/arm tools iti/arm gcc/bin/../lib/gcc/arm-none-eabi/5.4.1/../../../../arm-none-eabi/lib/armv7-m\libg_nano.a(lib_a-memchr-stub.o)
 .debug_frame   0x0000081c       0x28 f:/esraa/iti_embedded_systems_track/archticture/arm tools iti/arm gcc/bin/../lib/gcc/arm-none-eabi/5.4.1/../../../../arm-none-eabi/lib/armv7-m\libg_nano.a(lib_a-memcpy-stub.o)
 .debug_frame   0x00000844       0x28 f:/esraa/iti_embedded_systems_track/archticture/arm tools iti/arm gcc/bin/../lib/gcc/arm-none-eabi/5.4.1/../../../../arm-none-eabi/lib/armv7-m\libg_nano.a(lib_a-memmove.o)
 .debug_frame   0x0000086c       0x38 f:/esraa/iti_embedded_systems_track/archticture/arm tools iti/arm gcc/bin/../lib/gcc/arm-none-eabi/5.4.1/../../../../arm-none-eabi/lib/armv7-m\libg_nano.a(lib_a-nano-freer.o)
 .debug_frame   0x000008a4       0x2c f:/esraa/iti_embedded_systems_track/archticture/arm tools iti/arm gcc/bin/../lib/gcc/arm-none-eabi/5.4.1/../../../../arm-none-eabi/lib/armv7-m\libg_nano.a(lib_a-nano-mallocr.o)
 .debug_frame   0x000008d0       0x3c f:/esraa/iti_embedded_systems_track/archticture/arm tools iti/arm gcc/bin/../lib/gcc/arm-none-eabi/5.4.1/../../../../arm-none-eabi/lib/armv7-m\libg_nano.a(lib_a-nano-reallocr.o)
 .debug_frame   0x0000090c       0x2c f:/esraa/iti_embedded_systems_track/archticture/arm tools iti/arm gcc/bin/../lib/gcc/arm-none-eabi/5.4.1/../../../../arm-none-eabi/lib/armv7-m\libg_nano.a(lib_a-sbrkr.o)
 .debug_frame   0x00000938       0x30 f:/esraa/iti_embedded_systems_track/archticture/arm tools iti/arm gcc/bin/../lib/gcc/arm-none-eabi/5.4.1/../../../../arm-none-eabi/lib/armv7-m\libg_nano.a(lib_a-mlock.o)
 .debug_frame   0x00000968       0x20 f:/esraa/iti_embedded_systems_track/archticture/arm tools iti/arm gcc/bin/../lib/gcc/arm-none-eabi/5.4.1/../../../../arm-none-eabi/lib/armv7-m\libg_nano.a(lib_a-nano-msizer.o)

.debug_str      0x00000000    0x57989
 *(.debug_str)
 .debug_str     0x00000000     0x6d49 ./system/src/newlib/_exit.o
                               0x6ebb (size before relaxing)
 .debug_str     0x00006d49      0x4de ./system/src/newlib/_sbrk.o
                               0x62a6 (size before relaxing)
 .debug_str     0x00007227      0xbbe ./system/src/newlib/_startup.o
                               0x5e5b (size before relaxing)
 .debug_str     0x00007de5      0xe18 ./system/src/newlib/_syscalls.o
                               0x7106 (size before relaxing)
 .debug_str     0x00008bfd      0x890 ./system/src/diag/Trace.o
                               0x76ab (size before relaxing)
 .debug_str     0x0000948d    0x4b2af ./system/src/diag/trace_impl.o
                              0x51e6d (size before relaxing)
 .debug_str     0x0005473c       0xc4 ./system/src/cortexm/_initialize_hardware.o
                              0x4e027 (size before relaxing)
 .debug_str     0x00054800      0x1a6 ./system/src/cortexm/exception_handlers.o
                              0x52c2f (size before relaxing)
 .debug_str     0x000549a6      0x124 ./system/src/cmsis/system_stm32f10x.o
                              0x4e0d1 (size before relaxing)
 .debug_str     0x00054aca       0x57 ./system/src/cmsis/vectors_stm32f10x.o
                               0x3076 (size before relaxing)
 .debug_str     0x00054b21      0xea0 ./src/GPIO_prog.o
                               0x3412 (size before relaxing)
 .debug_str     0x000559c1     0x1f9f ./src/RCC_prog.o
                               0x4768 (size before relaxing)
 .debug_str     0x00057960       0x29 ./src/main.o
                               0x34f1 (size before relaxing)

.debug_loc      0x00000000     0x1b50
 *(.debug_loc)
 .debug_loc     0x00000000       0x82 ./system/src/newlib/_sbrk.o
 .debug_loc     0x00000082      0x265 ./system/src/newlib/_startup.o
 .debug_loc     0x000002e7       0x63 ./system/src/newlib/_syscalls.o
 .debug_loc     0x0000034a      0x102 ./system/src/diag/Trace.o
 .debug_loc     0x0000044c      0x17c ./system/src/diag/trace_impl.o
 .debug_loc     0x000005c8      0x2a8 ./system/src/cortexm/exception_handlers.o
 .debug_loc     0x00000870       0xdf ./system/src/cmsis/system_stm32f10x.o
 .debug_loc     0x0000094f      0xfe4 ./src/GPIO_prog.o
 .debug_loc     0x00001933      0x1f0 ./src/RCC_prog.o
 .debug_loc     0x00001b23       0x2d ./src/main.o

.debug_macinfo
 *(.debug_macinfo)

.debug_weaknames
 *(.debug_weaknames)

.debug_funcnames
 *(.debug_funcnames)

.debug_typenames
 *(.debug_typenames)

.debug_varnames
 *(.debug_varnames)
OUTPUT(GPIO_Driver.elf elf32-littlearm)

.debug_ranges   0x00000000      0x2f0
 .debug_ranges  0x00000000       0x18 ./system/src/newlib/_exit.o
 .debug_ranges  0x00000018       0x10 ./system/src/newlib/_sbrk.o
 .debug_ranges  0x00000028       0x48 ./system/src/newlib/_startup.o
 .debug_ranges  0x00000070       0x20 ./system/src/newlib/_syscalls.o
 .debug_ranges  0x00000090       0x28 ./system/src/diag/Trace.o
 .debug_ranges  0x000000b8       0x38 ./system/src/diag/trace_impl.o
 .debug_ranges  0x000000f0       0x18 ./system/src/cortexm/_initialize_hardware.o
 .debug_ranges  0x00000108       0x98 ./system/src/cortexm/exception_handlers.o
 .debug_ranges  0x000001a0       0x28 ./system/src/cmsis/system_stm32f10x.o
 .debug_ranges  0x000001c8       0x10 ./system/src/cmsis/vectors_stm32f10x.o
 .debug_ranges  0x000001d8       0x38 ./src/GPIO_prog.o
 .debug_ranges  0x00000210       0xd0 ./src/RCC_prog.o
 .debug_ranges  0x000002e0       0x10 ./src/main.o

.debug_macro    0x00000000     0x3307
 .debug_macro   0x00000000      0x19c ./system/src/newlib/_exit.o
 .debug_macro   0x0000019c       0x9c ./system/src/newlib/_exit.o
 .debug_macro   0x00000238      0x10e ./system/src/newlib/_exit.o
 .debug_macro   0x00000346       0x8d ./system/src/newlib/_exit.o
 .debug_macro   0x000003d3       0x43 ./system/src/newlib/_exit.o
 .debug_macro   0x00000416      0x30d ./system/src/newlib/_exit.o
 .debug_macro   0x00000723       0x35 ./system/src/newlib/_exit.o
 .debug_macro   0x00000758      0x151 ./system/src/newlib/_sbrk.o
 .debug_macro   0x000008a9      0x174 ./system/src/newlib/_sbrk.o
 .debug_macro   0x00000a1d       0x10 ./system/src/newlib/_sbrk.o
 .debug_macro   0x00000a2d      0x23b ./system/src/newlib/_sbrk.o
 .debug_macro   0x00000c68      0x15b ./system/src/newlib/_startup.o
 .debug_macro   0x00000dc3      0x1ff ./system/src/newlib/_syscalls.o
 .debug_macro   0x00000fc2       0x1c ./system/src/newlib/_syscalls.o
 .debug_macro   0x00000fde       0x10 ./system/src/newlib/_syscalls.o
 .debug_macro   0x00000fee       0x10 ./system/src/newlib/_syscalls.o
 .debug_macro   0x00000ffe       0x10 ./system/src/newlib/_syscalls.o
 .debug_macro   0x0000100e       0x35 ./system/src/newlib/_syscalls.o
 .debug_macro   0x00001043      0x122 ./system/src/newlib/_syscalls.o
 .debug_macro   0x00001165       0x88 ./system/src/newlib/_syscalls.o
 .debug_macro   0x000011ed       0x2b ./system/src/newlib/_syscalls.o
 .debug_macro   0x00001218      0x118 ./system/src/newlib/_syscalls.o
 .debug_macro   0x00001330      0x159 ./system/src/newlib/_syscalls.o
 .debug_macro   0x00001489       0x16 ./system/src/newlib/_syscalls.o
 .debug_macro   0x0000149f      0x1d9 ./system/src/diag/Trace.o
 .debug_macro   0x00001678       0x16 ./system/src/diag/Trace.o
 .debug_macro   0x0000168e       0x97 ./system/src/diag/Trace.o
 .debug_macro   0x00001725       0xfd ./system/src/diag/Trace.o
 .debug_macro   0x00001822       0x10 ./system/src/diag/Trace.o
 .debug_macro   0x00001832       0x16 ./system/src/diag/Trace.o
 .debug_macro   0x00001848      0x18b ./system/src/diag/Trace.o
 .debug_macro   0x000019d3       0x4c ./system/src/diag/Trace.o
 .debug_macro   0x00001a1f       0x16 ./system/src/diag/Trace.o
 .debug_macro   0x00001a35      0x2c2 ./system/src/diag/trace_impl.o
 .debug_macro   0x00001cf7       0x10 ./system/src/diag/trace_impl.o
 .debug_macro   0x00001d07       0xcf ./system/src/diag/trace_impl.o
 .debug_macro   0x00001dd6       0xbe ./system/src/diag/trace_impl.o
 .debug_macro   0x00001e94       0x22 ./system/src/diag/trace_impl.o
 .debug_macro   0x00001eb6      0x16b ./system/src/cortexm/_initialize_hardware.o
 .debug_macro   0x00002021      0x302 ./system/src/cortexm/exception_handlers.o
 .debug_macro   0x00002323       0x3b ./system/src/cortexm/exception_handlers.o
 .debug_macro   0x0000235e       0x10 ./system/src/cortexm/exception_handlers.o
 .debug_macro   0x0000236e      0x16e ./system/src/cmsis/system_stm32f10x.o
 .debug_macro   0x000024dc       0x34 ./system/src/cmsis/vectors_stm32f10x.o
 .debug_macro   0x00002510       0x39 ./src/GPIO_prog.o
 .debug_macro   0x00002549       0x2e ./src/GPIO_prog.o
 .debug_macro   0x00002577      0x1c6 ./src/GPIO_prog.o
 .debug_macro   0x0000273d       0xd0 ./src/GPIO_prog.o
 .debug_macro   0x0000280d       0x1c ./src/GPIO_prog.o
 .debug_macro   0x00002829       0x39 ./src/RCC_prog.o
 .debug_macro   0x00002862      0x355 ./src/RCC_prog.o
 .debug_macro   0x00002bb7       0x4c ./src/RCC_prog.o
 .debug_macro   0x00002c03      0x6bf ./src/RCC_prog.o
 .debug_macro   0x000032c2       0x45 ./src/main.o
