Archive member included to satisfy reference by file (symbol)

f:/esraa/iti_embedded_systems_track/archticture/arm tools iti/arm gcc/bin/../lib/gcc/arm-none-eabi/5.4.1/../../../../arm-none-eabi/lib/armv7-m\libg_nano.a(lib_a-errno.o)
                              ./system/src/newlib/_sbrk.o (__errno)
f:/esraa/iti_embedded_systems_track/archticture/arm tools iti/arm gcc/bin/../lib/gcc/arm-none-eabi/5.4.1/../../../../arm-none-eabi/lib/armv7-m\libg_nano.a(lib_a-impure.o)
                              f:/esraa/iti_embedded_systems_track/archticture/arm tools iti/arm gcc/bin/../lib/gcc/arm-none-eabi/5.4.1/../../../../arm-none-eabi/lib/armv7-m\libg_nano.a(lib_a-errno.o) (_impure_ptr)

Allocating common symbols
Common symbol       size              file

errno               0x4               ./system/src/newlib/_syscalls.o

Discarded input sections

 .text          0x00000000        0x0 ./system/src/stm32f1-stdperiph/misc.o
 .data          0x00000000        0x0 ./system/src/stm32f1-stdperiph/misc.o
 .bss           0x00000000        0x0 ./system/src/stm32f1-stdperiph/misc.o
 .text.NVIC_PriorityGroupConfig
                0x00000000       0x14 ./system/src/stm32f1-stdperiph/misc.o
 .text.NVIC_Init
                0x00000000       0x6c ./system/src/stm32f1-stdperiph/misc.o
 .text.NVIC_SetVectorTable
                0x00000000       0x14 ./system/src/stm32f1-stdperiph/misc.o
 .text.NVIC_SystemLPConfig
                0x00000000       0x18 ./system/src/stm32f1-stdperiph/misc.o
 .text.SysTick_CLKSourceConfig
                0x00000000       0x18 ./system/src/stm32f1-stdperiph/misc.o
 .debug_info    0x00000000      0x53d ./system/src/stm32f1-stdperiph/misc.o
 .debug_abbrev  0x00000000      0x158 ./system/src/stm32f1-stdperiph/misc.o
 .debug_loc     0x00000000      0x161 ./system/src/stm32f1-stdperiph/misc.o
 .debug_aranges
                0x00000000       0x40 ./system/src/stm32f1-stdperiph/misc.o
 .debug_ranges  0x00000000       0x30 ./system/src/stm32f1-stdperiph/misc.o
 .debug_line    0x00000000      0x19f ./system/src/stm32f1-stdperiph/misc.o
 .debug_str     0x00000000      0x42e ./system/src/stm32f1-stdperiph/misc.o
 .comment       0x00000000       0x6f ./system/src/stm32f1-stdperiph/misc.o
 .debug_frame   0x00000000       0x68 ./system/src/stm32f1-stdperiph/misc.o
 .ARM.attributes
                0x00000000       0x33 ./system/src/stm32f1-stdperiph/misc.o
 .text          0x00000000        0x0 ./system/src/stm32f1-stdperiph/stm32f10x_gpio.o
 .data          0x00000000        0x0 ./system/src/stm32f1-stdperiph/stm32f10x_gpio.o
 .bss           0x00000000        0x0 ./system/src/stm32f1-stdperiph/stm32f10x_gpio.o
 .text.GPIO_DeInit
                0x00000000       0xb8 ./system/src/stm32f1-stdperiph/stm32f10x_gpio.o
 .text.GPIO_AFIODeInit
                0x00000000       0x16 ./system/src/stm32f1-stdperiph/stm32f10x_gpio.o
 .text.GPIO_Init
                0x00000000       0xa4 ./system/src/stm32f1-stdperiph/stm32f10x_gpio.o
 .text.GPIO_StructInit
                0x00000000       0x10 ./system/src/stm32f1-stdperiph/stm32f10x_gpio.o
 .text.GPIO_ReadInputDataBit
                0x00000000        0xc ./system/src/stm32f1-stdperiph/stm32f10x_gpio.o
 .text.GPIO_ReadInputData
                0x00000000        0x6 ./system/src/stm32f1-stdperiph/stm32f10x_gpio.o
 .text.GPIO_ReadOutputDataBit
                0x00000000        0xc ./system/src/stm32f1-stdperiph/stm32f10x_gpio.o
 .text.GPIO_ReadOutputData
                0x00000000        0x6 ./system/src/stm32f1-stdperiph/stm32f10x_gpio.o
 .text.GPIO_SetBits
                0x00000000        0x4 ./system/src/stm32f1-stdperiph/stm32f10x_gpio.o
 .text.GPIO_ResetBits
                0x00000000        0x4 ./system/src/stm32f1-stdperiph/stm32f10x_gpio.o
 .text.GPIO_WriteBit
                0x00000000        0xa ./system/src/stm32f1-stdperiph/stm32f10x_gpio.o
 .text.GPIO_Write
                0x00000000        0x4 ./system/src/stm32f1-stdperiph/stm32f10x_gpio.o
 .text.GPIO_PinLockConfig
                0x00000000       0x10 ./system/src/stm32f1-stdperiph/stm32f10x_gpio.o
 .text.GPIO_EventOutputConfig
                0x00000000       0x1c ./system/src/stm32f1-stdperiph/stm32f10x_gpio.o
 .text.GPIO_EventOutputCmd
                0x00000000        0xc ./system/src/stm32f1-stdperiph/stm32f10x_gpio.o
 .text.GPIO_PinRemapConfig
                0x00000000       0x60 ./system/src/stm32f1-stdperiph/stm32f10x_gpio.o
 .text.GPIO_EXTILineConfig
                0x00000000       0x2a ./system/src/stm32f1-stdperiph/stm32f10x_gpio.o
 .text.GPIO_ETH_MediaInterfaceConfig
                0x00000000        0xc ./system/src/stm32f1-stdperiph/stm32f10x_gpio.o
 .debug_info    0x00000000      0x7c7 ./system/src/stm32f1-stdperiph/stm32f10x_gpio.o
 .debug_abbrev  0x00000000      0x200 ./system/src/stm32f1-stdperiph/stm32f10x_gpio.o
 .debug_loc     0x00000000      0x4ed ./system/src/stm32f1-stdperiph/stm32f10x_gpio.o
 .debug_aranges
                0x00000000       0xa8 ./system/src/stm32f1-stdperiph/stm32f10x_gpio.o
 .debug_ranges  0x00000000       0x98 ./system/src/stm32f1-stdperiph/stm32f10x_gpio.o
 .debug_line    0x00000000      0x30b ./system/src/stm32f1-stdperiph/stm32f10x_gpio.o
 .debug_str     0x00000000      0x595 ./system/src/stm32f1-stdperiph/stm32f10x_gpio.o
 .comment       0x00000000       0x6f ./system/src/stm32f1-stdperiph/stm32f10x_gpio.o
 .debug_frame   0x00000000      0x170 ./system/src/stm32f1-stdperiph/stm32f10x_gpio.o
 .ARM.attributes
                0x00000000       0x33 ./system/src/stm32f1-stdperiph/stm32f10x_gpio.o
 .text          0x00000000        0x0 ./system/src/stm32f1-stdperiph/stm32f10x_rcc.o
 .data          0x00000000        0x0 ./system/src/stm32f1-stdperiph/stm32f10x_rcc.o
 .bss           0x00000000        0x0 ./system/src/stm32f1-stdperiph/stm32f10x_rcc.o
 .text.RCC_DeInit
                0x00000000       0x40 ./system/src/stm32f1-stdperiph/stm32f10x_rcc.o
 .text.RCC_HSEConfig
                0x00000000       0x38 ./system/src/stm32f1-stdperiph/stm32f10x_rcc.o
 .text.RCC_AdjustHSICalibrationValue
                0x00000000       0x14 ./system/src/stm32f1-stdperiph/stm32f10x_rcc.o
 .text.RCC_HSICmd
                0x00000000        0xc ./system/src/stm32f1-stdperiph/stm32f10x_rcc.o
 .text.RCC_PLLConfig
                0x00000000       0x14 ./system/src/stm32f1-stdperiph/stm32f10x_rcc.o
 .text.RCC_PLLCmd
                0x00000000        0xc ./system/src/stm32f1-stdperiph/stm32f10x_rcc.o
 .text.RCC_SYSCLKConfig
                0x00000000       0x14 ./system/src/stm32f1-stdperiph/stm32f10x_rcc.o
 .text.RCC_GetSYSCLKSource
                0x00000000       0x10 ./system/src/stm32f1-stdperiph/stm32f10x_rcc.o
 .text.RCC_HCLKConfig
                0x00000000       0x14 ./system/src/stm32f1-stdperiph/stm32f10x_rcc.o
 .text.RCC_PCLK1Config
                0x00000000       0x14 ./system/src/stm32f1-stdperiph/stm32f10x_rcc.o
 .text.RCC_PCLK2Config
                0x00000000       0x14 ./system/src/stm32f1-stdperiph/stm32f10x_rcc.o
 .text.RCC_ITConfig
                0x00000000       0x18 ./system/src/stm32f1-stdperiph/stm32f10x_rcc.o
 .text.RCC_USBCLKConfig
                0x00000000        0xc ./system/src/stm32f1-stdperiph/stm32f10x_rcc.o
 .text.RCC_ADCCLKConfig
                0x00000000       0x14 ./system/src/stm32f1-stdperiph/stm32f10x_rcc.o
 .text.RCC_LSEConfig
                0x00000000       0x20 ./system/src/stm32f1-stdperiph/stm32f10x_rcc.o
 .text.RCC_LSICmd
                0x00000000        0xc ./system/src/stm32f1-stdperiph/stm32f10x_rcc.o
 .text.RCC_RTCCLKConfig
                0x00000000       0x10 ./system/src/stm32f1-stdperiph/stm32f10x_rcc.o
 .text.RCC_RTCCLKCmd
                0x00000000        0xc ./system/src/stm32f1-stdperiph/stm32f10x_rcc.o
 .text.RCC_GetClocksFreq
                0x00000000       0x88 ./system/src/stm32f1-stdperiph/stm32f10x_rcc.o
 .text.RCC_AHBPeriphClockCmd
                0x00000000       0x18 ./system/src/stm32f1-stdperiph/stm32f10x_rcc.o
 .text.RCC_APB2PeriphClockCmd
                0x00000000       0x18 ./system/src/stm32f1-stdperiph/stm32f10x_rcc.o
 .text.RCC_APB1PeriphClockCmd
                0x00000000       0x18 ./system/src/stm32f1-stdperiph/stm32f10x_rcc.o
 .text.RCC_APB2PeriphResetCmd
                0x00000000       0x18 ./system/src/stm32f1-stdperiph/stm32f10x_rcc.o
 .text.RCC_APB1PeriphResetCmd
                0x00000000       0x18 ./system/src/stm32f1-stdperiph/stm32f10x_rcc.o
 .text.RCC_BackupResetCmd
                0x00000000        0xc ./system/src/stm32f1-stdperiph/stm32f10x_rcc.o
 .text.RCC_ClockSecuritySystemCmd
                0x00000000        0xc ./system/src/stm32f1-stdperiph/stm32f10x_rcc.o
 .text.RCC_MCOConfig
                0x00000000        0xc ./system/src/stm32f1-stdperiph/stm32f10x_rcc.o
 .text.RCC_GetFlagStatus
                0x00000000       0x28 ./system/src/stm32f1-stdperiph/stm32f10x_rcc.o
 .text.RCC_WaitForHSEStartUp
                0x00000000       0x30 ./system/src/stm32f1-stdperiph/stm32f10x_rcc.o
 .text.RCC_ClearFlag
                0x00000000       0x10 ./system/src/stm32f1-stdperiph/stm32f10x_rcc.o
 .text.RCC_GetITStatus
                0x00000000       0x14 ./system/src/stm32f1-stdperiph/stm32f10x_rcc.o
 .text.RCC_ClearITPendingBit
                0x00000000        0xc ./system/src/stm32f1-stdperiph/stm32f10x_rcc.o
 .data.ADCPrescTable
                0x00000000        0x4 ./system/src/stm32f1-stdperiph/stm32f10x_rcc.o
 .data.APBAHBPrescTable
                0x00000000       0x10 ./system/src/stm32f1-stdperiph/stm32f10x_rcc.o
 .debug_info    0x00000000      0x8af ./system/src/stm32f1-stdperiph/stm32f10x_rcc.o
 .debug_abbrev  0x00000000      0x1e4 ./system/src/stm32f1-stdperiph/stm32f10x_rcc.o
 .debug_loc     0x00000000      0x672 ./system/src/stm32f1-stdperiph/stm32f10x_rcc.o
 .debug_aranges
                0x00000000      0x118 ./system/src/stm32f1-stdperiph/stm32f10x_rcc.o
 .debug_ranges  0x00000000      0x108 ./system/src/stm32f1-stdperiph/stm32f10x_rcc.o
 .debug_line    0x00000000      0x3e1 ./system/src/stm32f1-stdperiph/stm32f10x_rcc.o
 .debug_str     0x00000000      0x67f ./system/src/stm32f1-stdperiph/stm32f10x_rcc.o
 .comment       0x00000000       0x6f ./system/src/stm32f1-stdperiph/stm32f10x_rcc.o
 .debug_frame   0x00000000      0x220 ./system/src/stm32f1-stdperiph/stm32f10x_rcc.o
 .ARM.attributes
                0x00000000       0x33 ./system/src/stm32f1-stdperiph/stm32f10x_rcc.o
 .text          0x00000000        0x0 ./system/src/newlib/_cxx.o
 .data          0x00000000        0x0 ./system/src/newlib/_cxx.o
 .bss           0x00000000        0x0 ./system/src/newlib/_cxx.o
 .text._ZN9__gnu_cxx27__verbose_terminate_handlerEv
                0x00000000        0x6 ./system/src/newlib/_cxx.o
 .text.__cxa_pure_virtual
                0x00000000        0x6 ./system/src/newlib/_cxx.o
 .debug_info    0x00000000      0x565 ./system/src/newlib/_cxx.o
 .debug_abbrev  0x00000000      0x1ba ./system/src/newlib/_cxx.o
 .debug_aranges
                0x00000000       0x20 ./system/src/newlib/_cxx.o
 .debug_ranges  0x00000000       0x10 ./system/src/newlib/_cxx.o
 .debug_line    0x00000000      0x25f ./system/src/newlib/_cxx.o
 .debug_str     0x00000000      0x363 ./system/src/newlib/_cxx.o
 .comment       0x00000000       0x6f ./system/src/newlib/_cxx.o
 .debug_frame   0x00000000       0x40 ./system/src/newlib/_cxx.o
 .ARM.attributes
                0x00000000       0x33 ./system/src/newlib/_cxx.o
 .text          0x00000000        0x0 ./system/src/newlib/_exit.o
 .data          0x00000000        0x0 ./system/src/newlib/_exit.o
 .bss           0x00000000        0x0 ./system/src/newlib/_exit.o
 .text.abort    0x00000000        0x8 ./system/src/newlib/_exit.o
 .text          0x00000000        0x0 ./system/src/newlib/_sbrk.o
 .data          0x00000000        0x0 ./system/src/newlib/_sbrk.o
 .bss           0x00000000        0x0 ./system/src/newlib/_sbrk.o
 .text._sbrk    0x00000000       0x40 ./system/src/newlib/_sbrk.o
 .bss.current_heap_end.3974
                0x00000000        0x4 ./system/src/newlib/_sbrk.o
 .debug_info    0x00000000      0x11b ./system/src/newlib/_sbrk.o
 .debug_abbrev  0x00000000       0xb6 ./system/src/newlib/_sbrk.o
 .debug_loc     0x00000000       0x92 ./system/src/newlib/_sbrk.o
 .debug_aranges
                0x00000000       0x20 ./system/src/newlib/_sbrk.o
 .debug_ranges  0x00000000       0x10 ./system/src/newlib/_sbrk.o
 .debug_line    0x00000000       0xcf ./system/src/newlib/_sbrk.o
 .debug_str     0x00000000      0x229 ./system/src/newlib/_sbrk.o
 .comment       0x00000000       0x6f ./system/src/newlib/_sbrk.o
 .debug_frame   0x00000000       0x28 ./system/src/newlib/_sbrk.o
 .ARM.attributes
                0x00000000       0x33 ./system/src/newlib/_sbrk.o
 .text          0x00000000        0x0 ./system/src/newlib/_startup.o
 .data          0x00000000        0x0 ./system/src/newlib/_startup.o
 .bss           0x00000000        0x0 ./system/src/newlib/_startup.o
 .text.__initialize_data
                0x00000000       0x10 ./system/src/newlib/_startup.o
 .text.__initialize_bss
                0x00000000        0xe ./system/src/newlib/_startup.o
 .text.__run_init_array
                0x00000000       0x48 ./system/src/newlib/_startup.o
 .text.__run_fini_array
                0x00000000       0x24 ./system/src/newlib/_startup.o
 .text          0x00000000        0x0 ./system/src/newlib/_syscalls.o
 .data          0x00000000        0x0 ./system/src/newlib/_syscalls.o
 .bss           0x00000000        0x0 ./system/src/newlib/_syscalls.o
 .text.raise    0x00000000       0x10 ./system/src/newlib/_syscalls.o
 .text.kill     0x00000000       0x10 ./system/src/newlib/_syscalls.o
 .bss.__dso_handle
                0x00000000        0x4 ./system/src/newlib/_syscalls.o
 COMMON         0x00000000        0x4 ./system/src/newlib/_syscalls.o
 .text          0x00000000        0x0 ./system/src/newlib/assert.o
 .data          0x00000000        0x0 ./system/src/newlib/assert.o
 .bss           0x00000000        0x0 ./system/src/newlib/assert.o
 .text.__assert_func
                0x00000000        0x6 ./system/src/newlib/assert.o
 .debug_info    0x00000000      0x10f ./system/src/newlib/assert.o
 .debug_abbrev  0x00000000       0xa9 ./system/src/newlib/assert.o
 .debug_loc     0x00000000       0x84 ./system/src/newlib/assert.o
 .debug_aranges
                0x00000000       0x20 ./system/src/newlib/assert.o
 .debug_ranges  0x00000000       0x10 ./system/src/newlib/assert.o
 .debug_line    0x00000000       0xe4 ./system/src/newlib/assert.o
 .debug_str     0x00000000      0x212 ./system/src/newlib/assert.o
 .comment       0x00000000       0x6f ./system/src/newlib/assert.o
 .debug_frame   0x00000000       0x28 ./system/src/newlib/assert.o
 .ARM.attributes
                0x00000000       0x33 ./system/src/newlib/assert.o
 .text          0x00000000        0x0 ./system/src/diag/Trace.o
 .data          0x00000000        0x0 ./system/src/diag/Trace.o
 .bss           0x00000000        0x0 ./system/src/diag/Trace.o
 .debug_line    0x00000000        0x0 ./system/src/diag/Trace.o
 .debug_str     0x00000000      0x12f ./system/src/diag/Trace.o
 .comment       0x00000000       0x6f ./system/src/diag/Trace.o
 .ARM.attributes
                0x00000000       0x33 ./system/src/diag/Trace.o
 .text          0x00000000        0x0 ./system/src/diag/trace_impl.o
 .data          0x00000000        0x0 ./system/src/diag/trace_impl.o
 .bss           0x00000000        0x0 ./system/src/diag/trace_impl.o
 .debug_line    0x00000000        0x0 ./system/src/diag/trace_impl.o
 .debug_str     0x00000000      0x134 ./system/src/diag/trace_impl.o
 .comment       0x00000000       0x6f ./system/src/diag/trace_impl.o
 .ARM.attributes
                0x00000000       0x33 ./system/src/diag/trace_impl.o
 .text          0x00000000        0x0 ./system/src/cortexm/_initialize_hardware.o
 .data          0x00000000        0x0 ./system/src/cortexm/_initialize_hardware.o
 .bss           0x00000000        0x0 ./system/src/cortexm/_initialize_hardware.o
 .text          0x00000000        0x0 ./system/src/cortexm/_reset_hardware.o
 .data          0x00000000        0x0 ./system/src/cortexm/_reset_hardware.o
 .bss           0x00000000        0x0 ./system/src/cortexm/_reset_hardware.o
 .text          0x00000000        0x0 ./system/src/cortexm/exception_handlers.o
 .data          0x00000000        0x0 ./system/src/cortexm/exception_handlers.o
 .bss           0x00000000        0x0 ./system/src/cortexm/exception_handlers.o
 .text          0x00000000        0x0 ./system/src/cmsis/system_stm32f10x.o
 .data          0x00000000        0x0 ./system/src/cmsis/system_stm32f10x.o
 .bss           0x00000000        0x0 ./system/src/cmsis/system_stm32f10x.o
 .text          0x00000000        0x0 ./system/src/cmsis/vectors_stm32f10x.o
 .data          0x00000000        0x0 ./system/src/cmsis/vectors_stm32f10x.o
 .bss           0x00000000        0x0 ./system/src/cmsis/vectors_stm32f10x.o
 .text          0x00000000        0x0 ./src/RCC_prog.o
 .data          0x00000000        0x0 ./src/RCC_prog.o
 .bss           0x00000000        0x0 ./src/RCC_prog.o
 .text.void_SetHSEstate.part.0
                0x00000000       0x18 ./src/RCC_prog.o
 .text.void_SetLSEstate.part.1
                0x00000000       0x18 ./src/RCC_prog.o
 .text.void_SetprephralState
                0x00000000      0x2c4 ./src/RCC_prog.o
 .text.void_SetHSEstate
                0x00000000       0x38 ./src/RCC_prog.o
 .text.void_SetLSEstate
                0x00000000       0x38 ./src/RCC_prog.o
 .text.void_SETLSIstate
                0x00000000       0x28 ./src/RCC_prog.o
 .text.void_SETPLLstate
                0x00000000       0x28 ./src/RCC_prog.o
 .text.void_SetPLLSRC
                0x00000000       0x28 ./src/RCC_prog.o
 .text.void_PLL_mul_factor
                0x00000000       0xac ./src/RCC_prog.o
 .text.void_USB_SPEED
                0x00000000       0x14 ./src/RCC_prog.o
 .text.void_setADCPrescallerVal
                0x00000000       0x30 ./src/RCC_prog.o
 .text.void_setAHBdivfactor
                0x00000000       0x68 ./src/RCC_prog.o
 .text.void_setAPB1divfactor
                0x00000000       0x3c ./src/RCC_prog.o
 .text.void_setAPB2divfactor
                0x00000000       0x3c ./src/RCC_prog.o
 .text.void_RStBackupDomain
                0x00000000       0x10 ./src/RCC_prog.o
 .text.void_EnableRTC
                0x00000000       0x10 ./src/RCC_prog.o
 .text.void_RTCSrcSelect
                0x00000000       0x3c ./src/RCC_prog.o
 .text.u8_getStatus
                0x00000000       0x48 ./src/RCC_prog.o
 .text.void_RMVRSTflag
                0x00000000       0x18 ./src/RCC_prog.o
 .text.void_setSDIOstate
                0x00000000       0x14 ./src/RCC_prog.o
 .text.void_setFSMCstate
                0x00000000       0x14 ./src/RCC_prog.o
 .text.void_setCRCstate
                0x00000000       0x14 ./src/RCC_prog.o
 .text.void_setFLITFstate
                0x00000000       0x14 ./src/RCC_prog.o
 .text.void_setSRAMstate
                0x00000000       0x14 ./src/RCC_prog.o
 .text.void_setDMA2state
                0x00000000       0x14 ./src/RCC_prog.o
 .text.void_setDMA1state
                0x00000000       0x14 ./src/RCC_prog.o
 .text.void_setCSSstate
                0x00000000       0x14 ./src/RCC_prog.o
 .text.void_enableMCOpin
                0x00000000       0x3c ./src/RCC_prog.o
 .text.void_setClk_INTstate
                0x00000000       0x90 ./src/RCC_prog.o
 .text.void_getINTflag
                0x00000000       0x4c ./src/RCC_prog.o
 .text.void_clrCSSflag
                0x00000000       0x18 ./src/RCC_prog.o
 .text          0x00000000        0x0 ./src/main.o
 .data          0x00000000        0x0 ./src/main.o
 .bss           0x00000000        0x0 ./src/main.o
 .text          0x00000000        0x0 f:/esraa/iti_embedded_systems_track/archticture/arm tools iti/arm gcc/bin/../lib/gcc/arm-none-eabi/5.4.1/../../../../arm-none-eabi/lib/armv7-m\libg_nano.a(lib_a-errno.o)
 .data          0x00000000        0x0 f:/esraa/iti_embedded_systems_track/archticture/arm tools iti/arm gcc/bin/../lib/gcc/arm-none-eabi/5.4.1/../../../../arm-none-eabi/lib/armv7-m\libg_nano.a(lib_a-errno.o)
 .bss           0x00000000        0x0 f:/esraa/iti_embedded_systems_track/archticture/arm tools iti/arm gcc/bin/../lib/gcc/arm-none-eabi/5.4.1/../../../../arm-none-eabi/lib/armv7-m\libg_nano.a(lib_a-errno.o)
 .text.__errno  0x00000000        0xc f:/esraa/iti_embedded_systems_track/archticture/arm tools iti/arm gcc/bin/../lib/gcc/arm-none-eabi/5.4.1/../../../../arm-none-eabi/lib/armv7-m\libg_nano.a(lib_a-errno.o)
 .debug_frame   0x00000000       0x20 f:/esraa/iti_embedded_systems_track/archticture/arm tools iti/arm gcc/bin/../lib/gcc/arm-none-eabi/5.4.1/../../../../arm-none-eabi/lib/armv7-m\libg_nano.a(lib_a-errno.o)
 .ARM.attributes
                0x00000000       0x2d f:/esraa/iti_embedded_systems_track/archticture/arm tools iti/arm gcc/bin/../lib/gcc/arm-none-eabi/5.4.1/../../../../arm-none-eabi/lib/armv7-m\libg_nano.a(lib_a-errno.o)
 .text          0x00000000        0x0 f:/esraa/iti_embedded_systems_track/archticture/arm tools iti/arm gcc/bin/../lib/gcc/arm-none-eabi/5.4.1/../../../../arm-none-eabi/lib/armv7-m\libg_nano.a(lib_a-impure.o)
 .data          0x00000000        0x0 f:/esraa/iti_embedded_systems_track/archticture/arm tools iti/arm gcc/bin/../lib/gcc/arm-none-eabi/5.4.1/../../../../arm-none-eabi/lib/armv7-m\libg_nano.a(lib_a-impure.o)
 .bss           0x00000000        0x0 f:/esraa/iti_embedded_systems_track/archticture/arm tools iti/arm gcc/bin/../lib/gcc/arm-none-eabi/5.4.1/../../../../arm-none-eabi/lib/armv7-m\libg_nano.a(lib_a-impure.o)
 .data.impure_data
                0x00000000       0x60 f:/esraa/iti_embedded_systems_track/archticture/arm tools iti/arm gcc/bin/../lib/gcc/arm-none-eabi/5.4.1/../../../../arm-none-eabi/lib/armv7-m\libg_nano.a(lib_a-impure.o)
 .data._impure_ptr
                0x00000000        0x4 f:/esraa/iti_embedded_systems_track/archticture/arm tools iti/arm gcc/bin/../lib/gcc/arm-none-eabi/5.4.1/../../../../arm-none-eabi/lib/armv7-m\libg_nano.a(lib_a-impure.o)
 .rodata._global_impure_ptr
                0x00000000        0x4 f:/esraa/iti_embedded_systems_track/archticture/arm tools iti/arm gcc/bin/../lib/gcc/arm-none-eabi/5.4.1/../../../../arm-none-eabi/lib/armv7-m\libg_nano.a(lib_a-impure.o)
 .ARM.attributes
                0x00000000       0x2d f:/esraa/iti_embedded_systems_track/archticture/arm tools iti/arm gcc/bin/../lib/gcc/arm-none-eabi/5.4.1/../../../../arm-none-eabi/lib/armv7-m\libg_nano.a(lib_a-impure.o)

Memory Configuration

Name             Origin             Length             Attributes
RAM              0x20000000         0x00005000         xrw
CCMRAM           0x00000000         0x00000000         xrw
FLASH            0x08000000         0x00010000         xr
FLASHB1          0x00000000         0x00000000         xr
EXTMEMB0         0x00000000         0x00000000         xr
EXTMEMB1         0x00000000         0x00000000         xr
EXTMEMB2         0x00000000         0x00000000         xr
EXTMEMB3         0x00000000         0x00000000         xr
MEMORY_ARRAY     0x00000000         0x00000000         xrw
*default*        0x00000000         0xffffffff

Linker script and memory map

LOAD ./system/src/stm32f1-stdperiph/misc.o
LOAD ./system/src/stm32f1-stdperiph/stm32f10x_gpio.o
LOAD ./system/src/stm32f1-stdperiph/stm32f10x_rcc.o
LOAD ./system/src/newlib/_cxx.o
LOAD ./system/src/newlib/_exit.o
LOAD ./system/src/newlib/_sbrk.o
LOAD ./system/src/newlib/_startup.o
LOAD ./system/src/newlib/_syscalls.o
LOAD ./system/src/newlib/assert.o
LOAD ./system/src/diag/Trace.o
LOAD ./system/src/diag/trace_impl.o
LOAD ./system/src/cortexm/_initialize_hardware.o
LOAD ./system/src/cortexm/_reset_hardware.o
LOAD ./system/src/cortexm/exception_handlers.o
LOAD ./system/src/cmsis/system_stm32f10x.o
LOAD ./system/src/cmsis/vectors_stm32f10x.o
LOAD ./src/RCC_prog.o
LOAD ./src/main.o
LOAD f:/esraa/iti_embedded_systems_track/archticture/arm tools iti/arm gcc/bin/../lib/gcc/arm-none-eabi/5.4.1/../../../../arm-none-eabi/lib/armv7-m\libstdc++_nano.a
LOAD f:/esraa/iti_embedded_systems_track/archticture/arm tools iti/arm gcc/bin/../lib/gcc/arm-none-eabi/5.4.1/../../../../arm-none-eabi/lib/armv7-m\libm.a
START GROUP
LOAD f:/esraa/iti_embedded_systems_track/archticture/arm tools iti/arm gcc/bin/../lib/gcc/arm-none-eabi/5.4.1/armv7-m\libgcc.a
LOAD f:/esraa/iti_embedded_systems_track/archticture/arm tools iti/arm gcc/bin/../lib/gcc/arm-none-eabi/5.4.1/../../../../arm-none-eabi/lib/armv7-m\libg_nano.a
LOAD f:/esraa/iti_embedded_systems_track/archticture/arm tools iti/arm gcc/bin/../lib/gcc/arm-none-eabi/5.4.1/../../../../arm-none-eabi/lib/armv7-m\libc_nano.a
END GROUP
START GROUP
LOAD f:/esraa/iti_embedded_systems_track/archticture/arm tools iti/arm gcc/bin/../lib/gcc/arm-none-eabi/5.4.1/armv7-m\libgcc.a
LOAD f:/esraa/iti_embedded_systems_track/archticture/arm tools iti/arm gcc/bin/../lib/gcc/arm-none-eabi/5.4.1/../../../../arm-none-eabi/lib/armv7-m\libc_nano.a
END GROUP
                0x20005000                __stack = (ORIGIN (RAM) + LENGTH (RAM))
                0x20005000                _estack = __stack
                0x00000400                __Main_Stack_Size = 0x400
                [!provide]                PROVIDE (_Main_Stack_Size, __Main_Stack_Size)
                0x20004c00                __Main_Stack_Limit = (__stack - __Main_Stack_Size)
                [!provide]                PROVIDE (_Main_Stack_Limit, __Main_Stack_Limit)
                0x00000100                _Minimum_Stack_Size = 0x100
                0x20000020                PROVIDE (_Heap_Begin, _end_noinit)
                0x20004c00                PROVIDE (_Heap_Limit, (__stack - __Main_Stack_Size))

.isr_vector     0x08000000      0x232
 FILL mask 0xff
                0x08000000                __vectors_start = ABSOLUTE (.)
                0x08000000                __vectors_start__ = ABSOLUTE (.)
 *(.isr_vector)
 .isr_vector    0x08000000      0x10c ./system/src/cmsis/vectors_stm32f10x.o
                0x08000000                __isr_vectors
 *(.cfmconfig)
 *(.after_vectors .after_vectors.*)
 .after_vectors
                0x0800010c       0xc0 ./system/src/newlib/_startup.o
                0x0800010c                _start
 .after_vectors
                0x080001cc       0x64 ./system/src/cortexm/exception_handlers.o
                0x080001cc                Reset_Handler
                0x080001d0                NMI_Handler
                0x080001d2                HardFault_Handler
                0x080001e6                HardFault_Handler_C
                0x080001e8                MemManage_Handler
                0x080001ea                BusFault_Handler
                0x080001fe                BusFault_Handler_C
                0x08000200                UsageFault_Handler
                0x08000214                UsageFault_Handler_C
                0x08000216                SVC_Handler
                0x08000218                DebugMon_Handler
                0x0800021a                PendSV_Handler
                0x0800021c                SysTick_Handler
 .after_vectors
                0x08000230        0x2 ./system/src/cmsis/vectors_stm32f10x.o
                0x08000230                EXTI2_IRQHandler
                0x08000230                TIM8_TRG_COM_IRQHandler
                0x08000230                TIM8_CC_IRQHandler
                0x08000230                TIM1_CC_IRQHandler
                0x08000230                TIM6_IRQHandler
                0x08000230                PVD_IRQHandler
                0x08000230                SDIO_IRQHandler
                0x08000230                CAN2_RX1_IRQHandler
                0x08000230                EXTI3_IRQHandler
                0x08000230                TIM8_TRG_COM_TIM14_IRQHandler
                0x08000230                TIM1_UP_TIM10_IRQHandler
                0x08000230                TIM8_UP_TIM13_IRQHandler
                0x08000230                EXTI0_IRQHandler
                0x08000230                I2C2_EV_IRQHandler
                0x08000230                CAN1_RX0_IRQHandler
                0x08000230                TIM1_UP_TIM16_IRQHandler
                0x08000230                CAN2_SCE_IRQHandler
                0x08000230                ADC1_2_IRQHandler
                0x08000230                SPI1_IRQHandler
                0x08000230                TAMPER_IRQHandler
                0x08000230                TIM6_DAC_IRQHandler
                0x08000230                TIM1_BRK_TIM9_IRQHandler
                0x08000230                CAN2_RX0_IRQHandler
                0x08000230                TIM8_UP_IRQHandler
                0x08000230                DMA2_Channel2_IRQHandler
                0x08000230                DMA1_Channel4_IRQHandler
                0x08000230                USART3_IRQHandler
                0x08000230                RTC_IRQHandler
                0x08000230                DMA1_Channel7_IRQHandler
                0x08000230                CAN1_RX1_IRQHandler
                0x08000230                UART5_IRQHandler
                0x08000230                ADC3_IRQHandler
                0x08000230                TIM4_IRQHandler
                0x08000230                DMA2_Channel1_IRQHandler
                0x08000230                I2C1_EV_IRQHandler
                0x08000230                DMA1_Channel6_IRQHandler
                0x08000230                UART4_IRQHandler
                0x08000230                DMA2_Channel4_IRQHandler
                0x08000230                TIM3_IRQHandler
                0x08000230                RCC_IRQHandler
                0x08000230                TIM8_BRK_TIM12_IRQHandler
                0x08000230                TIM1_TRG_COM_IRQHandler
                0x08000230                DMA1_Channel1_IRQHandler
                0x08000230                Default_Handler
                0x08000230                CEC_IRQHandler
                0x08000230                EXTI15_10_IRQHandler
                0x08000230                TIM14_IRQHandler
                0x08000230                TIM13_IRQHandler
                0x08000230                TIM12_IRQHandler
                0x08000230                TIM7_IRQHandler
                0x08000230                CAN2_TX_IRQHandler
                0x08000230                TIM5_IRQHandler
                0x08000230                EXTI9_5_IRQHandler
                0x08000230                ETH_WKUP_IRQHandler
                0x08000230                SPI2_IRQHandler
                0x08000230                CAN1_TX_IRQHandler
                0x08000230                DMA2_Channel5_IRQHandler
                0x08000230                DMA1_Channel5_IRQHandler
                0x08000230                EXTI4_IRQHandler
                0x08000230                USB_LP_CAN1_RX0_IRQHandler
                0x08000230                TIM1_TRG_COM_TIM17_IRQHandler
                0x08000230                USB_HP_CAN1_TX_IRQHandler
                0x08000230                DMA1_Channel3_IRQHandler
                0x08000230                FSMC_IRQHandler
                0x08000230                ETH_IRQHandler
                0x08000230                TIM1_UP_IRQHandler
                0x08000230                WWDG_IRQHandler
                0x08000230                TIM2_IRQHandler
                0x08000230                OTG_FS_WKUP_IRQHandler
                0x08000230                TIM1_TRG_COM_TIM11_IRQHandler
                0x08000230                TIM1_BRK_IRQHandler
                0x08000230                EXTI1_IRQHandler
                0x08000230                RTCAlarm_IRQHandler
                0x08000230                DMA2_Channel4_5_IRQHandler
                0x08000230                USART2_IRQHandler
                0x08000230                I2C2_ER_IRQHandler
                0x08000230                DMA1_Channel2_IRQHandler
                0x08000230                TIM8_BRK_IRQHandler
                0x08000230                CAN1_SCE_IRQHandler
                0x08000230                FLASH_IRQHandler
                0x08000230                USART1_IRQHandler
                0x08000230                OTG_FS_IRQHandler
                0x08000230                SPI3_IRQHandler
                0x08000230                I2C1_ER_IRQHandler
                0x08000230                USBWakeUp_IRQHandler
                0x08000230                DMA2_Channel3_IRQHandler
                0x08000230                TIM1_BRK_TIM15_IRQHandler

.inits          0x08000234       0x28
                0x08000234                __data_regions_array_start = .
                0x08000234        0x4 LONG 0x8000470 LOADADDR (.data)
                0x08000238        0x4 LONG 0x20000000 ADDR (.data)
                0x0800023c        0x4 LONG 0x2000001c (ADDR (.data) + SIZEOF (.data))
                0x08000240        0x4 LONG 0x8000470 LOADADDR (.data_CCMRAM)
                0x08000244        0x4 LONG 0x0 ADDR (.data_CCMRAM)
                0x08000248        0x4 LONG 0x0 (ADDR (.data_CCMRAM) + SIZEOF (.data_CCMRAM))
                0x0800024c                __data_regions_array_end = .
                0x0800024c                __bss_regions_array_start = .
                0x0800024c        0x4 LONG 0x2000001c ADDR (.bss)
                0x08000250        0x4 LONG 0x20000020 (ADDR (.bss) + SIZEOF (.bss))
                0x08000254        0x4 LONG 0x0 ADDR (.bss_CCMRAM)
                0x08000258        0x4 LONG 0x0 (ADDR (.bss_CCMRAM) + SIZEOF (.bss_CCMRAM))
                0x0800025c                __bss_regions_array_end = .
 *(.init)
 *(.fini)
                0x0800025c                . = ALIGN (0x4)
                0x0800025c                PROVIDE (__preinit_array_start, .)
 *(.preinit_array_sysinit .preinit_array_sysinit.*)
 *(.preinit_array_platform .preinit_array_platform.*)
 *(.preinit_array .preinit_array.*)
                0x0800025c                PROVIDE (__preinit_array_end, .)
                0x0800025c                . = ALIGN (0x4)
                0x0800025c                PROVIDE (__init_array_start, .)
 *(SORT(.init_array.*))
 *(.init_array)
                0x0800025c                PROVIDE (__init_array_end, .)
                0x0800025c                . = ALIGN (0x4)
                0x0800025c                PROVIDE (__fini_array_start, .)
 *(SORT(.fini_array.*))
 *(.fini_array)
                0x0800025c                PROVIDE (__fini_array_end, .)

.flashtext
 *(.flashtext .flashtext.*)

.text           0x0800025c      0x212
 *(.text .text.*)
 .text._exit    0x0800025c        0x6 ./system/src/newlib/_exit.o
                0x0800025c                _exit
 *fill*         0x08000262        0x2 
 .text.__initialize_args
                0x08000264       0x10 ./system/src/newlib/_syscalls.o
                0x08000264                __initialize_args
 .text.__initialize_hardware_early
                0x08000274       0x18 ./system/src/cortexm/_initialize_hardware.o
                0x08000274                __initialize_hardware_early
 .text.__initialize_hardware
                0x0800028c        0x4 ./system/src/cortexm/_initialize_hardware.o
                0x0800028c                __initialize_hardware
 .text.__reset_hardware
                0x08000290       0x24 ./system/src/cortexm/_reset_hardware.o
                0x08000290                __reset_hardware
 .text.SystemInit
                0x080002b4       0xf4 ./system/src/cmsis/system_stm32f10x.o
                0x080002b4                SystemInit
 .text.SystemCoreClockUpdate
                0x080003a8       0x5c ./system/src/cmsis/system_stm32f10x.o
                0x080003a8                SystemCoreClockUpdate
 .text.void_SETHSIstate.part.2
                0x08000404       0x18 ./src/RCC_prog.o
 .text.void_SYSCLKselect
                0x0800041c       0x24 ./src/RCC_prog.o
                0x0800041c                void_SYSCLKselect
 .text.void_SETHSIstate
                0x08000440       0x1c ./src/RCC_prog.o
                0x08000440                void_SETHSIstate
 .text.startup.main
                0x0800045c       0x12 ./src/main.o
                0x0800045c                main
 *(.rodata .rodata.* .constdata .constdata.*)
 *(vtable)
 *(.eh_frame*)
 *(.glue_7)
 .glue_7        0x0800046e        0x0 linker stubs
 *(.glue_7t)
 .glue_7t       0x0800046e        0x0 linker stubs

.vfp11_veneer   0x08000470        0x0
 .vfp11_veneer  0x08000470        0x0 linker stubs

.v4_bx          0x08000470        0x0
 .v4_bx         0x08000470        0x0 linker stubs

.iplt           0x08000470        0x0
 .iplt          0x08000470        0x0 ./system/src/stm32f1-stdperiph/misc.o

.rel.dyn        0x08000470        0x0
 .rel.iplt      0x08000470        0x0 ./system/src/stm32f1-stdperiph/misc.o

.ARM.extab
 *(.ARM.extab* .gnu.linkonce.armextab.*)
                0x08000470                . = ALIGN (0x4)
                0x08000470                __exidx_start = .

.ARM.exidx
 *(.ARM.exidx* .gnu.linkonce.armexidx.*)
                0x08000470                __exidx_end = .
                0x08000470                . = ALIGN (0x4)
                0x08000470                _etext = .
                0x08000470                __etext = .

.data_CCMRAM    0x00000000        0x0 load address 0x08000470
 FILL mask 0xff
 *(.data.CCMRAM .data.CCMRAM.*)
                0x00000000                . = ALIGN (0x4)
                0x08000470                _sidata = LOADADDR (.data)

.data           0x20000000       0x1c load address 0x08000470
 FILL mask 0xff
                0x20000000                _sdata = .
                0x20000000                __data_start__ = .
 *(.data_begin .data_begin.*)
 *(.data .data.*)
 .data.argv.4290
                0x20000000        0x8 ./system/src/newlib/_syscalls.o
 .data.AHBPrescTable
                0x20000008       0x10 ./system/src/cmsis/system_stm32f10x.o
                0x20000008                AHBPrescTable
 .data.SystemCoreClock
                0x20000018        0x4 ./system/src/cmsis/system_stm32f10x.o
                0x20000018                SystemCoreClock
 *(.data_end .data_end.*)
                0x2000001c                . = ALIGN (0x4)
                0x2000001c                _edata = .
                0x2000001c                __data_end__ = .

.igot.plt       0x2000001c        0x0 load address 0x0800048c
 .igot.plt      0x2000001c        0x0 ./system/src/stm32f1-stdperiph/misc.o

.bss_CCMRAM     0x00000000        0x0
 *(.bss.CCMRAM .bss.CCMRAM.*)

.bss            0x2000001c        0x4
                0x2000001c                __bss_start__ = .
                0x2000001c                _sbss = .
 *(.bss_begin .bss_begin.*)
 *(.bss .bss.*)
 .bss.name.4289
                0x2000001c        0x1 ./system/src/newlib/_syscalls.o
 *(COMMON)
 *(.bss_end .bss_end.*)
                0x20000020                . = ALIGN (0x4)
 *fill*         0x2000001d        0x3 
                0x20000020                __bss_end__ = .
                0x20000020                _ebss = .

.noinit_CCMRAM
 *(.noinit.CCMRAM .noinit.CCMRAM.*)

.noinit         0x20000020        0x0
                0x20000020                _noinit = .
 *(.noinit .noinit.*)
                0x20000020                . = ALIGN (0x4)
                0x20000020                _end_noinit = .
                [!provide]                PROVIDE (end, _end_noinit)
                [!provide]                PROVIDE (_end, _end_noinit)
                [!provide]                PROVIDE (__end, _end_noinit)
                [!provide]                PROVIDE (__end__, _end_noinit)

._check_stack   0x20000020      0x100
                0x20000120                . = (. + _Minimum_Stack_Size)
 *fill*         0x20000020      0x100 

.b1text
 *(.b1text)
 *(.b1rodata)
 *(.b1rodata.*)

.eb0text
 *(.eb0text)
 *(.eb0rodata)
 *(.eb0rodata.*)

.eb1text
 *(.eb1text)
 *(.eb1rodata)
 *(.eb1rodata.*)

.eb2text
 *(.eb2text)
 *(.eb2rodata)
 *(.eb2rodata.*)

.eb3text
 *(.eb3text)
 *(.eb3rodata)
 *(.eb3rodata.*)

.stab
 *(.stab)

.stabstr
 *(.stabstr)

.stab.excl
 *(.stab.excl)

.stab.exclstr
 *(.stab.exclstr)

.stab.index
 *(.stab.index)

.stab.indexstr
 *(.stab.indexstr)

.comment        0x00000000       0x6e
 *(.comment)
 .comment       0x00000000       0x6e ./system/src/newlib/_exit.o
                                 0x6f (size before relaxing)
 .comment       0x0000006e       0x6f ./system/src/newlib/_startup.o
 .comment       0x0000006e       0x6f ./system/src/newlib/_syscalls.o
 .comment       0x0000006e       0x6f ./system/src/cortexm/_initialize_hardware.o
 .comment       0x0000006e       0x6f ./system/src/cortexm/_reset_hardware.o
 .comment       0x0000006e       0x6f ./system/src/cortexm/exception_handlers.o
 .comment       0x0000006e       0x6f ./system/src/cmsis/system_stm32f10x.o
 .comment       0x0000006e       0x6f ./system/src/cmsis/vectors_stm32f10x.o
 .comment       0x0000006e       0x6f ./src/RCC_prog.o
 .comment       0x0000006e       0x6f ./src/main.o

.ARM.attributes
                0x00000000       0x33
 .ARM.attributes
                0x00000000       0x33 ./system/src/newlib/_exit.o
 .ARM.attributes
                0x00000033       0x33 ./system/src/newlib/_startup.o
 .ARM.attributes
                0x00000066       0x33 ./system/src/newlib/_syscalls.o
 .ARM.attributes
                0x00000099       0x33 ./system/src/cortexm/_initialize_hardware.o
 .ARM.attributes
                0x000000cc       0x33 ./system/src/cortexm/_reset_hardware.o
 .ARM.attributes
                0x000000ff       0x33 ./system/src/cortexm/exception_handlers.o
 .ARM.attributes
                0x00000132       0x33 ./system/src/cmsis/system_stm32f10x.o
 .ARM.attributes
                0x00000165       0x33 ./system/src/cmsis/vectors_stm32f10x.o
 .ARM.attributes
                0x00000198       0x33 ./src/RCC_prog.o
 .ARM.attributes
                0x000001cb       0x33 ./src/main.o

.debug
 *(.debug)

.line
 *(.line)

.debug_srcinfo
 *(.debug_srcinfo)

.debug_sfnames
 *(.debug_sfnames)

.debug_aranges  0x00000000      0x2f0
 *(.debug_aranges)
 .debug_aranges
                0x00000000       0x28 ./system/src/newlib/_exit.o
 .debug_aranges
                0x00000028       0x40 ./system/src/newlib/_startup.o
 .debug_aranges
                0x00000068       0x30 ./system/src/newlib/_syscalls.o
 .debug_aranges
                0x00000098       0x28 ./system/src/cortexm/_initialize_hardware.o
 .debug_aranges
                0x000000c0       0x20 ./system/src/cortexm/_reset_hardware.o
 .debug_aranges
                0x000000e0       0x80 ./system/src/cortexm/exception_handlers.o
 .debug_aranges
                0x00000160       0x28 ./system/src/cmsis/system_stm32f10x.o
 .debug_aranges
                0x00000188       0x20 ./system/src/cmsis/vectors_stm32f10x.o
 .debug_aranges
                0x000001a8      0x128 ./src/RCC_prog.o
 .debug_aranges
                0x000002d0       0x20 ./src/main.o

.debug_pubnames
 *(.debug_pubnames)

.debug_info     0x00000000     0x1daa
 *(.debug_info .gnu.linkonce.wi.*)
 .debug_info    0x00000000      0x104 ./system/src/newlib/_exit.o
 .debug_info    0x00000104      0x3f3 ./system/src/newlib/_startup.o
 .debug_info    0x000004f7      0x1c3 ./system/src/newlib/_syscalls.o
 .debug_info    0x000006ba      0x2ad ./system/src/cortexm/_initialize_hardware.o
 .debug_info    0x00000967      0x2bf ./system/src/cortexm/_reset_hardware.o
 .debug_info    0x00000c26      0x264 ./system/src/cortexm/exception_handlers.o
 .debug_info    0x00000e8a      0x49c ./system/src/cmsis/system_stm32f10x.o
 .debug_info    0x00001326       0xcd ./system/src/cmsis/vectors_stm32f10x.o
 .debug_info    0x000013f3      0x90b ./src/RCC_prog.o
 .debug_info    0x00001cfe       0xac ./src/main.o

.debug_abbrev   0x00000000      0xa22
 *(.debug_abbrev)
 .debug_abbrev  0x00000000       0xbb ./system/src/newlib/_exit.o
 .debug_abbrev  0x000000bb      0x18d ./system/src/newlib/_startup.o
 .debug_abbrev  0x00000248       0xe9 ./system/src/newlib/_syscalls.o
 .debug_abbrev  0x00000331       0xf5 ./system/src/cortexm/_initialize_hardware.o
 .debug_abbrev  0x00000426       0xfc ./system/src/cortexm/_reset_hardware.o
 .debug_abbrev  0x00000522       0xdc ./system/src/cortexm/exception_handlers.o
 .debug_abbrev  0x000005fe      0x170 ./system/src/cmsis/system_stm32f10x.o
 .debug_abbrev  0x0000076e       0x9a ./system/src/cmsis/vectors_stm32f10x.o
 .debug_abbrev  0x00000808      0x1ab ./src/RCC_prog.o
 .debug_abbrev  0x000009b3       0x6f ./src/main.o

.debug_line     0x00000000      0xcec
 *(.debug_line)
 .debug_line    0x00000000      0x154 ./system/src/newlib/_exit.o
 .debug_line    0x00000154      0x100 ./system/src/newlib/_startup.o
 .debug_line    0x00000254      0x16e ./system/src/newlib/_syscalls.o
 .debug_line    0x000003c2      0x125 ./system/src/cortexm/_initialize_hardware.o
 .debug_line    0x000004e7      0x11e ./system/src/cortexm/_reset_hardware.o
 .debug_line    0x00000605      0x157 ./system/src/cortexm/exception_handlers.o
 .debug_line    0x0000075c      0x157 ./system/src/cmsis/system_stm32f10x.o
 .debug_line    0x000008b3       0x58 ./system/src/cmsis/vectors_stm32f10x.o
 .debug_line    0x0000090b      0x385 ./src/RCC_prog.o
 .debug_line    0x00000c90       0x5c ./src/main.o

.debug_frame    0x00000000      0x518
 *(.debug_frame)
 .debug_frame   0x00000000       0x40 ./system/src/newlib/_exit.o
 .debug_frame   0x00000040       0x80 ./system/src/newlib/_startup.o
 .debug_frame   0x000000c0       0x50 ./system/src/newlib/_syscalls.o
 .debug_frame   0x00000110       0x38 ./system/src/cortexm/_initialize_hardware.o
 .debug_frame   0x00000148       0x20 ./system/src/cortexm/_reset_hardware.o
 .debug_frame   0x00000168       0xe0 ./system/src/cortexm/exception_handlers.o
 .debug_frame   0x00000248       0x3c ./system/src/cmsis/system_stm32f10x.o
 .debug_frame   0x00000284       0x20 ./system/src/cmsis/vectors_stm32f10x.o
 .debug_frame   0x000002a4      0x248 ./src/RCC_prog.o
 .debug_frame   0x000004ec       0x2c ./src/main.o

.debug_str      0x00000000      0xb5d
 *(.debug_str)
 .debug_str     0x00000000      0x1c3 ./system/src/newlib/_exit.o
                                0x1fc (size before relaxing)
 .debug_str     0x000001c3      0x16e ./system/src/newlib/_startup.o
                                0x341 (size before relaxing)
 .debug_str     0x00000331       0x57 ./system/src/newlib/_syscalls.o
                                0x231 (size before relaxing)
 .debug_str     0x00000388       0xda ./system/src/cortexm/_initialize_hardware.o
                                0x2b5 (size before relaxing)
 .debug_str     0x00000462       0x45 ./system/src/cortexm/_reset_hardware.o
                                0x27b (size before relaxing)
 .debug_str     0x000004a7      0x11f ./system/src/cortexm/exception_handlers.o
                                0x2ef (size before relaxing)
 .debug_str     0x000005c6       0xfe ./system/src/cmsis/system_stm32f10x.o
                                0x349 (size before relaxing)
 .debug_str     0x000006c4       0x57 ./system/src/cmsis/vectors_stm32f10x.o
                                0x1f8 (size before relaxing)
 .debug_str     0x0000071b      0x434 ./src/RCC_prog.o
                                0x5a1 (size before relaxing)
 .debug_str     0x00000b4f        0xe ./src/main.o
                                0x1a9 (size before relaxing)

.debug_loc      0x00000000      0x657
 *(.debug_loc)
 .debug_loc     0x00000000       0x21 ./system/src/newlib/_exit.o
 .debug_loc     0x00000021      0x234 ./system/src/newlib/_startup.o
 .debug_loc     0x00000255       0x63 ./system/src/newlib/_syscalls.o
 .debug_loc     0x000002b8       0x99 ./system/src/cmsis/system_stm32f10x.o
 .debug_loc     0x00000351      0x306 ./src/RCC_prog.o

.debug_macinfo
 *(.debug_macinfo)

.debug_weaknames
 *(.debug_weaknames)

.debug_funcnames
 *(.debug_funcnames)

.debug_typenames
 *(.debug_typenames)

.debug_varnames
 *(.debug_varnames)
OUTPUT(RCC_driver.elf elf32-littlearm)

.debug_ranges   0x00000000      0x280
 .debug_ranges  0x00000000       0x18 ./system/src/newlib/_exit.o
 .debug_ranges  0x00000018       0x48 ./system/src/newlib/_startup.o
 .debug_ranges  0x00000060       0x20 ./system/src/newlib/_syscalls.o
 .debug_ranges  0x00000080       0x18 ./system/src/cortexm/_initialize_hardware.o
 .debug_ranges  0x00000098       0x10 ./system/src/cortexm/_reset_hardware.o
 .debug_ranges  0x000000a8       0x70 ./system/src/cortexm/exception_handlers.o
 .debug_ranges  0x00000118       0x30 ./system/src/cmsis/system_stm32f10x.o
 .debug_ranges  0x00000148       0x10 ./system/src/cmsis/vectors_stm32f10x.o
 .debug_ranges  0x00000158      0x118 ./src/RCC_prog.o
 .debug_ranges  0x00000270       0x10 ./src/main.o
